Component: ARM Compiler 5.06 update 6 (build 750) Tool: armlink [4d35ed]

==============================================================================

Section Cross References

    main.o(i.Button_Thread) refers to board_apm32f402_403_tiny.o(i.BOARD_BUTTON_GetState) for BOARD_BUTTON_GetState
    main.o(i.Button_Thread) refers to printf6.o(i.__0printf$6) for __2printf
    main.o(i.Button_Thread) refers to board_apm32f402_403_tiny.o(i.BOARD_LED_Toggle) for BOARD_LED_Toggle
    main.o(i.Button_Thread) refers to cmsis_os2.o(i.osDelay) for osDelay
    main.o(i.Led_Thread) refers to board_apm32f402_403_tiny.o(i.BOARD_LED_Toggle) for BOARD_LED_Toggle
    main.o(i.Led_Thread) refers to cmsis_os2.o(i.osDelay) for osDelay
    main.o(i.Usart_Thread) refers to printf6.o(i.__0printf$6) for __2printf
    main.o(i.Usart_Thread) refers to cmsis_os2.o(i.osDelay) for osDelay
    main.o(i.fputc) refers to apm32f402_403_usart.o(i.USART_TxData) for USART_TxData
    main.o(i.fputc) refers to apm32f402_403_usart.o(i.USART_ReadStatusFlag) for USART_ReadStatusFlag
    main.o(i.main) refers to system_apm32f402_403.o(i.SystemClockConfig) for SystemClockConfig
    main.o(i.main) refers to board_apm32f402_403_tiny.o(i.BOARD_LED_Config) for BOARD_LED_Config
    main.o(i.main) refers to board_apm32f402_403_tiny.o(i.BOARD_BUTTON_Config) for BOARD_BUTTON_Config
    main.o(i.main) refers to apm32f402_403_usart.o(i.USART_ConfigStructInit) for USART_ConfigStructInit
    main.o(i.main) refers to board_apm32f402_403_tiny.o(i.BOARD_COM_Config) for BOARD_COM_Config
    main.o(i.main) refers to printf6.o(i.__0printf$6) for __2printf
    main.o(i.main) refers to board_apm32f402_403_tiny.o(i.BOARD_LED_On) for BOARD_LED_On
    main.o(i.main) refers to cmsis_os2.o(i.osKernelInitialize) for osKernelInitialize
    main.o(i.main) refers to cmsis_os2.o(i.osThreadNew) for osThreadNew
    main.o(i.main) refers to cmsis_os2.o(i.osKernelStart) for osKernelStart
    main.o(i.main) refers to main.o(.constdata) for ledThreadAttr
    main.o(i.main) refers to main.o(i.Led_Thread) for Led_Thread
    main.o(i.main) refers to main.o(.data) for ledThreadID
    main.o(i.main) refers to main.o(i.Usart_Thread) for Usart_Thread
    main.o(i.main) refers to main.o(i.Button_Thread) for Button_Thread
    main.o(.constdata) refers to main.o(.conststring) for .conststring
    board_apm32f402_403_tiny.o(i.BOARD_BUTTON_Config) refers to apm32f402_403_rcm.o(i.RCM_EnableAPB2PeriphClock) for RCM_EnableAPB2PeriphClock
    board_apm32f402_403_tiny.o(i.BOARD_BUTTON_Config) refers to apm32f402_403_gpio.o(i.GPIO_Config) for GPIO_Config
    board_apm32f402_403_tiny.o(i.BOARD_BUTTON_Config) refers to apm32f402_403_gpio.o(i.GPIO_ConfigEINTLine) for GPIO_ConfigEINTLine
    board_apm32f402_403_tiny.o(i.BOARD_BUTTON_Config) refers to apm32f402_403_eint.o(i.EINT_Config) for EINT_Config
    board_apm32f402_403_tiny.o(i.BOARD_BUTTON_Config) refers to apm32f402_403_misc.o(i.NVIC_EnableIRQRequest) for NVIC_EnableIRQRequest
    board_apm32f402_403_tiny.o(i.BOARD_BUTTON_Config) refers to board_apm32f402_403_tiny.o(.constdata) for BUTTON_CLK
    board_apm32f402_403_tiny.o(i.BOARD_BUTTON_Config) refers to board_apm32f402_403_tiny.o(.data) for BUTTON_PORT
    board_apm32f402_403_tiny.o(i.BOARD_BUTTON_GetState) refers to apm32f402_403_gpio.o(i.GPIO_ReadInputBit) for GPIO_ReadInputBit
    board_apm32f402_403_tiny.o(i.BOARD_BUTTON_GetState) refers to board_apm32f402_403_tiny.o(.constdata) for BUTTON_PIN
    board_apm32f402_403_tiny.o(i.BOARD_BUTTON_GetState) refers to board_apm32f402_403_tiny.o(.data) for BUTTON_PORT
    board_apm32f402_403_tiny.o(i.BOARD_COM_Config) refers to apm32f402_403_rcm.o(i.RCM_EnableAPB2PeriphClock) for RCM_EnableAPB2PeriphClock
    board_apm32f402_403_tiny.o(i.BOARD_COM_Config) refers to apm32f402_403_rcm.o(i.RCM_EnableAPB1PeriphClock) for RCM_EnableAPB1PeriphClock
    board_apm32f402_403_tiny.o(i.BOARD_COM_Config) refers to apm32f402_403_gpio.o(i.GPIO_Config) for GPIO_Config
    board_apm32f402_403_tiny.o(i.BOARD_COM_Config) refers to apm32f402_403_usart.o(i.USART_Config) for USART_Config
    board_apm32f402_403_tiny.o(i.BOARD_COM_Config) refers to apm32f402_403_usart.o(i.USART_Enable) for USART_Enable
    board_apm32f402_403_tiny.o(i.BOARD_COM_Config) refers to board_apm32f402_403_tiny.o(.constdata) for COM_TX_PORT_CLK
    board_apm32f402_403_tiny.o(i.BOARD_COM_Config) refers to board_apm32f402_403_tiny.o(.data) for COM_TX_PORT
    board_apm32f402_403_tiny.o(i.BOARD_LED_Config) refers to apm32f402_403_rcm.o(i.RCM_EnableAPB2PeriphClock) for RCM_EnableAPB2PeriphClock
    board_apm32f402_403_tiny.o(i.BOARD_LED_Config) refers to apm32f402_403_gpio.o(i.GPIO_Config) for GPIO_Config
    board_apm32f402_403_tiny.o(i.BOARD_LED_Config) refers to board_apm32f402_403_tiny.o(.constdata) for LED_CLK
    board_apm32f402_403_tiny.o(i.BOARD_LED_Config) refers to board_apm32f402_403_tiny.o(.data) for LED_PORT
[...]
    Removing event_groups.o(i.xEventGroupSetBits), (206 bytes).
    Removing event_groups.o(i.xEventGroupSetBitsFromISR), (36 bytes).
    Removing event_groups.o(i.xEventGroupSync), (272 bytes).
    Removing event_groups.o(i.xEventGroupWaitBits), (344 bytes).
    Removing list.o(i.vListInsertEnd), (24 bytes).
    Removing queue.o(i.prvCopyDataToQueue), (126 bytes).
    Removing queue.o(i.prvGetDisinheritPriorityAfterTimeout), (20 bytes).
    Removing queue.o(i.prvInitialiseMutex), (30 bytes).
    Removing queue.o(i.prvIsQueueFull), (30 bytes).
    Removing queue.o(i.ucQueueGetQueueType), (8 bytes).
    Removing queue.o(i.uxQueueGetQueueNumber), (6 bytes).
    Removing queue.o(i.uxQueueMessagesWaiting), (42 bytes).
    Removing queue.o(i.uxQueueMessagesWaitingFromISR), (34 bytes).
    Removing queue.o(i.uxQueueSpacesAvailable), (48 bytes).
    Removing queue.o(i.vQueueDelete), (44 bytes).
    Removing queue.o(i.vQueueSetQueueNumber), (4 bytes).
    Removing queue.o(i.xQueueCreateCountingSemaphore), (60 bytes).
    Removing queue.o(i.xQueueCreateCountingSemaphoreStatic), (68 bytes).
    Removing queue.o(i.xQueueCreateMutex), (34 bytes).
    Removing queue.o(i.xQueueCreateMutexStatic), (42 bytes).
    Removing queue.o(i.xQueueGenericCreate), (108 bytes).
    Removing queue.o(i.xQueueGenericSend), (424 bytes).
    Removing queue.o(i.xQueueGenericSendFromISR), (296 bytes).
    Removing queue.o(i.xQueueGetMutexHolder), (52 bytes).
    Removing queue.o(i.xQueueGetMutexHolderFromISR), (38 bytes).
    Removing queue.o(i.xQueueGiveFromISR), (272 bytes).
    Removing queue.o(i.xQueueGiveMutexRecursive), (72 bytes).
    Removing queue.o(i.xQueueIsQueueEmptyFromISR), (42 bytes).
    Removing queue.o(i.xQueueIsQueueFullFromISR), (46 bytes).
    Removing queue.o(i.xQueuePeek), (368 bytes).
    Removing queue.o(i.xQueuePeekFromISR), (176 bytes).
    Removing queue.o(i.xQueueReceiveFromISR), (252 bytes).
    Removing queue.o(i.xQueueSemaphoreTake), (404 bytes).
    Removing queue.o(i.xQueueTakeMutexRecursive), (78 bytes).
    Removing stream_buffer.o(i.prvBytesInBuffer), (24 bytes).
    Removing stream_buffer.o(i.prvInitialiseNewStreamBuffer), (90 bytes).
    Removing stream_buffer.o(i.prvReadBytesFromBuffer), (180 bytes).
    Removing stream_buffer.o(i.prvReadMessageFromBuffer), (90 bytes).
    Removing stream_buffer.o(i.prvWriteBytesToBuffer), (184 bytes).
    Removing stream_buffer.o(i.prvWriteMessageToBuffer), (124 bytes).
    Removing stream_buffer.o(i.ucStreamBufferGetStreamBufferType), (10 bytes).
    Removing stream_buffer.o(i.uxStreamBufferGetStreamBufferNumber), (6 bytes).
    Removing stream_buffer.o(i.vStreamBufferDelete), (56 bytes).
    Removing stream_buffer.o(i.vStreamBufferSetStreamBufferNumber), (4 bytes).
    Removing stream_buffer.o(i.xStreamBufferBytesAvailable), (42 bytes).
    Removing stream_buffer.o(i.xStreamBufferGenericCreate), (180 bytes).
    Removing stream_buffer.o(i.xStreamBufferGenericCreateStatic), (244 bytes).
    Removing stream_buffer.o(i.xStreamBufferIsEmpty), (46 bytes).
    Removing stream_buffer.o(i.xStreamBufferIsFull), (64 bytes).
    Removing stream_buffer.o(i.xStreamBufferNextMessageLengthBytes), (108 bytes).
    Removing stream_buffer.o(i.xStreamBufferReceive), (262 bytes).
    Removing stream_buffer.o(i.xStreamBufferReceiveCompletedFromISR), (104 bytes).
    Removing stream_buffer.o(i.xStreamBufferReceiveFromISR), (184 bytes).
    Removing stream_buffer.o(i.xStreamBufferReset), (84 bytes).
    Removing stream_buffer.o(i.xStreamBufferSend), (346 bytes).
    Removing stream_buffer.o(i.xStreamBufferSendCompletedFromISR), (104 bytes).
    Removing stream_buffer.o(i.xStreamBufferSendFromISR), (186 bytes).
    Removing stream_buffer.o(i.xStreamBufferSetTriggerLevel), (50 bytes).
    Removing stream_buffer.o(i.xStreamBufferSpacesAvailable), (64 bytes).
    Removing tasks.o(i.eTaskGetState), (164 bytes).
    Removing tasks.o(i.pcTaskGetName), (48 bytes).
    Removing tasks.o(i.prvListTasksWithinSingleList), (106 bytes).
    Removing tasks.o(i.prvTaskCheckFreeStackSpace), (22 bytes).
    Removing tasks.o(i.prvTaskIsTaskSuspended), (88 bytes).
    Removing tasks.o(i.pvTaskIncrementMutexHeldCount), (32 bytes).
    Removing tasks.o(i.ulTaskGenericNotifyTake), (168 bytes).
    Removing tasks.o(i.ulTaskGenericNotifyValueClear), (64 bytes).
    Removing tasks.o(i.uxTaskGetNumberOfTasks), (12 bytes).
    Removing tasks.o(i.uxTaskGetStackHighWaterMark), (40 bytes).
    Removing tasks.o(i.uxTaskGetSystemState), (176 bytes).
    Removing tasks.o(i.uxTaskGetTaskNumber), (14 bytes).
    Removing tasks.o(i.uxTaskPriorityGet), (36 bytes).
    Removing tasks.o(i.uxTaskPriorityGetFromISR), (68 bytes).
    Removing tasks.o(i.uxTaskResetEventItemValue), (28 bytes).
    Removing tasks.o(i.vTaskDelete), (208 bytes).
    Removing tasks.o(i.vTaskEndScheduler), (36 bytes).
    Removing tasks.o(i.vTaskGenericNotifyGiveFromISR), (396 bytes).
    Removing tasks.o(i.vTaskGetInfo), (132 bytes).
    Removing tasks.o(i.vTaskPlaceOnUnorderedEventList), (144 bytes).
    Removing tasks.o(i.vTaskPriorityDisinheritAfterTimeout), (260 bytes).
    Removing tasks.o(i.vTaskPrioritySet), (308 bytes).
    Removing tasks.o(i.vTaskRemoveFromUnorderedEventList), (268 bytes).
    Removing tasks.o(i.vTaskResume), (196 bytes).
    Removing tasks.o(i.vTaskSetTaskNumber), (8 bytes).
    Removing tasks.o(i.vTaskSetTimeOutState), (60 bytes).
    Removing tasks.o(i.vTaskSuspend), (216 bytes).
    Removing tasks.o(i.xTaskCatchUpTicks), (80 bytes).
    Removing tasks.o(i.xTaskDelayUntil), (216 bytes).
    Removing tasks.o(i.xTaskGenericNotify), (460 bytes).
    Removing tasks.o(i.xTaskGenericNotifyFromISR), (544 bytes).
    Removing tasks.o(i.xTaskGenericNotifyStateClear), (96 bytes).
    Removing tasks.o(i.xTaskGenericNotifyWait), (204 bytes).
    Removing tasks.o(i.xTaskGetCurrentTaskHandle), (12 bytes).
    Removing tasks.o(i.xTaskGetTickCountFromISR), (20 bytes).
    Removing tasks.o(i.xTaskPriorityDisinherit), (216 bytes).
    Removing tasks.o(i.xTaskPriorityInherit), (216 bytes).
    Removing tasks.o(i.xTaskResumeFromISR), (240 bytes).
    Removing timers.o(i.pcTimerGetName), (32 bytes).
    Removing timers.o(i.prvInitialiseNewTimer), (88 bytes).
    Removing timers.o(i.pvTimerGetTimerID), (44 bytes).
    Removing timers.o(i.uxTimerGetReloadMode), (12 bytes).
    Removing timers.o(i.uxTimerGetTimerNumber), (6 bytes).
    Removing timers.o(i.vTimerSetReloadMode), (70 bytes).
    Removing timers.o(i.vTimerSetTimerID), (44 bytes).
    Removing timers.o(i.vTimerSetTimerNumber), (4 bytes).
    Removing timers.o(i.xTimerCreate), (54 bytes).
    Removing timers.o(i.xTimerCreateStatic), (114 bytes).
    Removing timers.o(i.xTimerGenericCommand), (132 bytes).
    Removing timers.o(i.xTimerGetExpiryTime), (34 bytes).
    Removing timers.o(i.xTimerGetPeriod), (32 bytes).
    Removing timers.o(i.xTimerGetReloadMode), (58 bytes).
    Removing timers.o(i.xTimerGetTimerDaemonTaskHandle), (48 bytes).
    Removing timers.o(i.xTimerIsTimerActive), (58 bytes).
    Removing timers.o(i.xTimerPendFunctionCall), (80 bytes).
    Removing timers.o(i.xTimerPendFunctionCallFromISR), (52 bytes).
    Removing cmsis_os2.o(.rev16_text), (4 bytes).
    Removing cmsis_os2.o(.revsh_text), (4 bytes).
    Removing cmsis_os2.o(.rrx_text), (6 bytes).
    Removing cmsis_os2.o(i.AllocBlock), (16 bytes).
    Removing cmsis_os2.o(i.CreateBlock), (32 bytes).
    Removing cmsis_os2.o(i.FreeBlock), (10 bytes).
    Removing cmsis_os2.o(i.OS_Tick_GetCount), (12 bytes).
    Removing cmsis_os2.o(i.OS_Tick_GetInterval), (10 bytes).
    Removing cmsis_os2.o(i.OS_Tick_GetOverflow), (12 bytes).
    Removing cmsis_os2.o(i.TimerCallback), (26 bytes).
    Removing cmsis_os2.o(i.osDelayUntil), (56 bytes).
    Removing cmsis_os2.o(i.osEventFlagsClear), (96 bytes).
    Removing cmsis_os2.o(i.osEventFlagsDelete), (38 bytes).
    Removing cmsis_os2.o(i.osEventFlagsGet), (42 bytes).
    Removing cmsis_os2.o(i.osEventFlagsNew), (70 bytes).
    Removing cmsis_os2.o(i.osEventFlagsSet), (104 bytes).
    Removing cmsis_os2.o(i.osEventFlagsWait), (152 bytes).
    Removing cmsis_os2.o(i.osKernelGetInfo), (64 bytes).
    Removing cmsis_os2.o(i.osKernelGetState), (52 bytes).
    Removing cmsis_os2.o(i.osKernelGetSysTimerCount), (70 bytes).
    Removing cmsis_os2.o(i.osKernelGetSysTimerFreq), (12 bytes).
    Removing cmsis_os2.o(i.osKernelGetTickCount), (26 bytes).
    Removing cmsis_os2.o(i.osKernelGetTickFreq), (6 bytes).
    Removing cmsis_os2.o(i.osKernelLock), (56 bytes).
    Removing cmsis_os2.o(i.osKernelRestoreLock), (88 bytes).
    Removing cmsis_os2.o(i.osKernelUnlock), (68 bytes).
    Removing cmsis_os2.o(i.osMemoryPoolAlloc), (176 bytes).
    Removing cmsis_os2.o(i.osMemoryPoolDelete), (102 bytes).
    Removing cmsis_os2.o(i.osMemoryPoolFree), (224 bytes).
    Removing cmsis_os2.o(i.osMemoryPoolGetBlockSize), (36 bytes).
    Removing cmsis_os2.o(i.osMemoryPoolGetCapacity), (36 bytes).
    Removing cmsis_os2.o(i.osMemoryPoolGetCount), (64 bytes).
    Removing cmsis_os2.o(i.osMemoryPoolGetName), (28 bytes).
    Removing cmsis_os2.o(i.osMemoryPoolGetSpace), (60 bytes).
    Removing cmsis_os2.o(i.osMemoryPoolNew), (276 bytes).
    Removing cmsis_os2.o(i.osMessageQueueDelete), (38 bytes).
    Removing cmsis_os2.o(i.osMessageQueueGet), (132 bytes).
    Removing cmsis_os2.o(i.osMessageQueueGetCapacity), (14 bytes).
    Removing cmsis_os2.o(i.osMessageQueueGetCount), (40 bytes).
    Removing cmsis_os2.o(i.osMessageQueueGetMsgSize), (14 bytes).
    Removing cmsis_os2.o(i.osMessageQueueGetSpace), (74 bytes).
    Removing cmsis_os2.o(i.osMessageQueueNew), (126 bytes).
    Removing cmsis_os2.o(i.osMessageQueuePut), (136 bytes).
    Removing cmsis_os2.o(i.osMessageQueueReset), (40 bytes).
    Removing cmsis_os2.o(i.osMutexAcquire), (98 bytes).
    Removing cmsis_os2.o(i.osMutexDelete), (40 bytes).
    Removing cmsis_os2.o(i.osMutexGetOwner), (32 bytes).
    Removing cmsis_os2.o(i.osMutexNew), (156 bytes).
    Removing cmsis_os2.o(i.osMutexRelease), (78 bytes).
    Removing cmsis_os2.o(i.osSemaphoreAcquire), (112 bytes).
    Removing cmsis_os2.o(i.osSemaphoreDelete), (38 bytes).
    Removing cmsis_os2.o(i.osSemaphoreGetCount), (40 bytes).
    Removing cmsis_os2.o(i.osSemaphoreNew), (176 bytes).
    Removing cmsis_os2.o(i.osSemaphoreRelease), (96 bytes).
    Removing cmsis_os2.o(i.osThreadEnumerate), (106 bytes).
    Removing cmsis_os2.o(i.osThreadExit), (10 bytes).
    Removing cmsis_os2.o(i.osThreadFlagsClear), (96 bytes).
    Removing cmsis_os2.o(i.osThreadFlagsGet), (52 bytes).
    Removing cmsis_os2.o(i.osThreadFlagsSet), (144 bytes).
    Removing cmsis_os2.o(i.osThreadFlagsWait), (180 bytes).
    Removing cmsis_os2.o(i.osThreadGetCount), (22 bytes).
    Removing cmsis_os2.o(i.osThreadGetId), (12 bytes).
    Removing cmsis_os2.o(i.osThreadGetName), (30 bytes).
    Removing cmsis_os2.o(i.osThreadGetPriority), (32 bytes).
    Removing cmsis_os2.o(i.osThreadGetStackSpace), (30 bytes).
    Removing cmsis_os2.o(i.osThreadGetState), (70 bytes).
    Removing cmsis_os2.o(i.osThreadResume), (38 bytes).
    Removing cmsis_os2.o(i.osThreadSetPriority), (54 bytes).
    Removing cmsis_os2.o(i.osThreadSuspend), (38 bytes).
    Removing cmsis_os2.o(i.osThreadTerminate), (60 bytes).
    Removing cmsis_os2.o(i.osThreadYield), (40 bytes).
    Removing cmsis_os2.o(i.osTimerDelete), (82 bytes).
    Removing cmsis_os2.o(i.osTimerGetName), (30 bytes).
    Removing cmsis_os2.o(i.osTimerIsRunning), (30 bytes).
    Removing cmsis_os2.o(i.osTimerNew), (232 bytes).
    Removing cmsis_os2.o(i.osTimerStart), (62 bytes).
    Removing cmsis_os2.o(i.osTimerStop), (72 bytes).
    Removing port.o(i.vPortEndScheduler), (48 bytes).
    Removing port.o(i.vPortValidateInterruptPriority), (120 bytes).
    Removing heap_4.o(i.pvPortCalloc), (54 bytes).
    Removing heap_4.o(i.vPortGetHeapStats), (128 bytes).
    Removing heap_4.o(i.vPortInitialiseBlocks), (2 bytes).
    Removing heap_4.o(i.xPortGetFreeHeapSize), (12 bytes).
    Removing heap_4.o(i.xPortGetMinimumEverFreeHeapSize), (12 bytes).
    Removing dadd.o(.text), (334 bytes).
    Removing dmul.o(.text), (228 bytes).
    Removing ddiv.o(.text), (222 bytes).
    Removing dfixul.o(.text), (48 bytes).
    Removing cdrcmple.o(.text), (48 bytes).
    Removing depilogue.o(.text), (186 bytes).

766 unused section(s) (total 36632 bytes) removed from the image.

==============================================================================

Image Symbol Table

    Local Symbols

    Symbol Name                              Value     Ov Type        Size  Object(Section)

    ../clib/microlib/division.c              0x00000000   Number         0  uidiv.o ABSOLUTE
    ../clib/microlib/division.c              0x00000000   Number         0  uldiv.o ABSOLUTE
    ../clib/microlib/init/entry.s            0x00000000   Number         0  entry9a.o ABSOLUTE
    ../clib/microlib/init/entry.s            0x00000000   Number         0  entry5.o ABSOLUTE
    ../clib/microlib/init/entry.s            0x00000000   Number         0  entry10b.o ABSOLUTE
    ../clib/microlib/init/entry.s            0x00000000   Number         0  entry10a.o ABSOLUTE
    ../clib/microlib/init/entry.s            0x00000000   Number         0  entry9b.o ABSOLUTE
    ../clib/microlib/init/entry.s            0x00000000   Number         0  entry11a.o ABSOLUTE
    ../clib/microlib/init/entry.s            0x00000000   Number         0  entry8b.o ABSOLUTE
    ../clib/microlib/init/entry.s            0x00000000   Number         0  entry8a.o ABSOLUTE
    ../clib/microlib/init/entry.s            0x00000000   Number         0  entry.o ABSOLUTE
    ../clib/microlib/init/entry.s            0x00000000   Number         0  entry11b.o ABSOLUTE
    ../clib/microlib/init/entry.s            0x00000000   Number         0  entry2.o ABSOLUTE
    ../clib/microlib/init/entry.s            0x00000000   Number         0  entry7b.o ABSOLUTE
    ../clib/microlib/init/entry.s            0x00000000   Number         0  entry7a.o ABSOLUTE
    ../clib/microlib/longlong.c              0x00000000   Number         0  llsshr.o ABSOLUTE
    ../clib/microlib/longlong.c              0x00000000   Number         0  llushr.o ABSOLUTE
    ../clib/microlib/longlong.c              0x00000000   Number         0  llshl.o ABSOLUTE
    ../clib/microlib/printf/printf.c         0x00000000   Number         0  printf8.o ABSOLUTE
    ../clib/microlib/printf/printf.c         0x00000000   Number         0  printfb.o ABSOLUTE
    ../clib/microlib/printf/printf.c         0x00000000   Number         0  printf1.o ABSOLUTE
    ../clib/microlib/printf/printf.c         0x00000000   Number         0  printf2.o ABSOLUTE
    ../clib/microlib/printf/printf.c         0x00000000   Number         0  printf3.o ABSOLUTE
    ../clib/microlib/printf/printf.c         0x00000000   Number         0  printf4.o ABSOLUTE
    ../clib/microlib/printf/printf.c         0x00000000   Number         0  printf5.o ABSOLUTE
    ../clib/microlib/printf/printf.c         0x00000000   Number         0  printf6.o ABSOLUTE
    ../clib/microlib/printf/printf.c         0x00000000   Number         0  printf7.o ABSOLUTE
    ../clib/microlib/printf/printf.c         0x00000000   Number         0  printfa.o ABSOLUTE
    ../clib/microlib/printf/printf.c         0x00000000   Number         0  printf0.o ABSOLUTE
    ../clib/microlib/printf/stubs.s          0x00000000   Number         0  stubs.o ABSOLUTE
    ../clib/microlib/stdio/streams.c         0x00000000   Number         0  stdout.o ABSOLUTE
    ../clib/microlib/string/memcpy.c         0x00000000   Number         0  memcpyb.o ABSOLUTE
    ../clib/microlib/string/memcpy.c         0x00000000   Number         0  memcpya.o ABSOLUTE
    ../clib/microlib/string/memset.c         0x00000000   Number         0  memset.o ABSOLUTE
    ../clib/microlib/string/memset.c         0x00000000   Number         0  memseta.o ABSOLUTE
    ../clib/microlib/stubs.s                 0x00000000   Number         0  iusefp.o ABSOLUTE
    ../fplib/microlib/fpadd.c                0x00000000   Number         0  dadd.o ABSOLUTE
    ../fplib/microlib/fpdiv.c                0x00000000   Number         0  ddiv.o ABSOLUTE
    ../fplib/microlib/fpepilogue.c           0x00000000   Number         0  depilogue.o ABSOLUTE
    ../fplib/microlib/fpfix.c                0x00000000   Number         0  dfixul.o ABSOLUTE
    ../fplib/microlib/fpmul.c                0x00000000   Number         0  dmul.o ABSOLUTE
    ..\..\Application\Source\apm32f402_403_int.c 0x00000000   Number         0  apm32f402_403_int.o ABSOLUTE
    ..\..\Application\Source\main.c          0x00000000   Number         0  main.o ABSOLUTE
    ..\..\BSP\Source\board_apm32f402_403_tiny.c 0x00000000   Number         0  board_apm32f402_403_tiny.o ABSOLUTE
    ..\..\Libraries\Device\Source\system_apm32f402_403.c 0x00000000   Number         0  system_apm32f402_403.o ABSOLUTE
    ..\..\Libraries\StdPeriphDriver\src\apm32f402_403_adc.c 0x00000000   Number         0  apm32f402_403_adc.o ABSOLUTE
    ..\..\Libraries\StdPeriphDriver\src\apm32f402_403_bakpr.c 0x00000000   Number         0  apm32f402_403_bakpr.o ABSOLUTE
    ..\..\Libraries\StdPeriphDriver\src\apm32f402_403_can.c 0x00000000   Number         0  apm32f402_403_can.o ABSOLUTE
    ..\..\Libraries\StdPeriphDriver\src\apm32f402_403_crc.c 0x00000000   Number         0  apm32f402_403_crc.o ABSOLUTE
    ..\..\Libraries\StdPeriphDriver\src\apm32f402_403_dbgmcu.c 0x00000000   Number         0  apm32f402_403_dbgmcu.o ABSOLUTE
    ..\..\Libraries\StdPeriphDriver\src\apm32f402_403_dma.c 0x00000000   Number         0  apm32f402_403_dma.o ABSOLUTE
    ..\..\Libraries\StdPeriphDriver\src\apm32f402_403_eint.c 0x00000000   Number         0  apm32f402_403_eint.o ABSOLUTE
    ..\..\Libraries\StdPeriphDriver\src\apm32f402_403_fmc.c 0x00000000   Number         0  apm32f402_403_fmc.o ABSOLUTE
    ..\..\Libraries\StdPeriphDriver\src\apm32f402_403_gpio.c 0x00000000   Number         0  apm32f402_403_gpio.o ABSOLUTE
    ..\..\Libraries\StdPeriphDriver\src\apm32f402_403_i2c.c 0x00000000   Number         0  apm32f402_403_i2c.o ABSOLUTE
    ..\..\Libraries\StdPeriphDriver\src\apm32f402_403_iwdt.c 0x00000000   Number         0  apm32f402_403_iwdt.o ABSOLUTE
    ..\..\Libraries\StdPeriphDriver\src\apm32f402_403_misc.c 0x00000000   Number         0  apm32f402_403_misc.o ABSOLUTE
    ..\..\Libraries\StdPeriphDriver\src\apm32f402_403_pmu.c 0x00000000   Number         0  apm32f402_403_pmu.o ABSOLUTE
    ..\..\Libraries\StdPeriphDriver\src\apm32f402_403_rcm.c 0x00000000   Number         0  apm32f402_403_rcm.o ABSOLUTE
    ..\..\Libraries\StdPeriphDriver\src\apm32f402_403_rtc.c 0x00000000   Number         0  apm32f402_403_rtc.o ABSOLUTE
    ..\..\Libraries\StdPeriphDriver\src\apm32f402_403_spi.c 0x00000000   Number         0  apm32f402_403_spi.o ABSOLUTE
    ..\..\Libraries\StdPeriphDriver\src\apm32f402_403_tmr.c 0x00000000   Number         0  apm32f402_403_tmr.o ABSOLUTE
    ..\..\Libraries\StdPeriphDriver\src\apm32f402_403_usart.c 0x00000000   Number         0  apm32f402_403_usart.o ABSOLUTE
    ..\..\Libraries\StdPeriphDriver\src\apm32f402_403_wwdt.c 0x00000000   Number         0  apm32f402_403_wwdt.o ABSOLUTE
    ..\..\Middlewares\CMSIS-FreeRTOS\CMSIS\RTOS2\FreeRTOS\Source\cmsis_os2.c 0x00000000   Number         0  cmsis_os2.o ABSOLUTE
    ..\..\Middlewares\CMSIS-FreeRTOS\CMSIS\RTOS2\FreeRTOS\Source\os_systick.c 0x00000000   Number         0  os_systick.o ABSOLUTE
    ..\..\Middlewares\CMSIS-FreeRTOS\Source\croutine.c 0x00000000   Number         0  croutine.o ABSOLUTE
    ..\..\Middlewares\CMSIS-FreeRTOS\Source\event_groups.c 0x00000000   Number         0  event_groups.o ABSOLUTE
    ..\..\Middlewares\CMSIS-FreeRTOS\Source\list.c 0x00000000   Number         0  list.o ABSOLUTE
    ..\..\Middlewares\CMSIS-FreeRTOS\Source\portable\MemMang\heap_4.c 0x00000000   Number         0  heap_4.o ABSOLUTE
    ..\..\Middlewares\CMSIS-FreeRTOS\Source\portable\RVDS\ARM_CM4F\port.c 0x00000000   Number         0  port.o ABSOLUTE
    ..\..\Middlewares\CMSIS-FreeRTOS\Source\queue.c 0x00000000   Number         0  queue.o ABSOLUTE
    ..\..\Middlewares\CMSIS-FreeRTOS\Source\stream_buffer.c 0x00000000   Number         0  stream_buffer.o ABSOLUTE
    ..\..\Middlewares\CMSIS-FreeRTOS\Source\tasks.c 0x00000000   Number         0  tasks.o ABSOLUTE
    ..\..\Middlewares\CMSIS-FreeRTOS\Source\timers.c 0x00000000   Number         0  timers.o ABSOLUTE
    ..\\..\\Application\\Source\\apm32f402_403_int.c 0x00000000   Number         0  apm32f402_403_int.o ABSOLUTE
    ..\\..\\Application\\Source\\main.c      0x00000000   Number         0  main.o ABSOLUTE
    ..\\..\\BSP\\Source\\board_apm32f402_403_tiny.c 0x00000000   Number         0  board_apm32f402_403_tiny.o ABSOLUTE
    ..\\..\\Libraries\\Device\\Source\\system_apm32f402_403.c 0x00000000   Number         0  system_apm32f402_403.o ABSOLUTE
    ..\\..\\Libraries\\StdPeriphDriver\\src\\apm32f402_403_adc.c 0x00000000   Number         0  apm32f402_403_adc.o ABSOLUTE
    ..\\..\\Libraries\\StdPeriphDriver\\src\\apm32f402_403_bakpr.c 0x00000000   Number         0  apm32f402_403_bakpr.o ABSOLUTE
    ..\\..\\Libraries\\StdPeriphDriver\\src\\apm32f402_403_can.c 0x00000000   Number         0  apm32f402_403_can.o ABSOLUTE
    ..\\..\\Libraries\\StdPeriphDriver\\src\\apm32f402_403_crc.c 0x00000000   Number         0  apm32f402_403_crc.o ABSOLUTE
    ..\\..\\Libraries\\StdPeriphDriver\\src\\apm32f402_403_dbgmcu.c 0x00000000   Number         0  apm32f402_403_dbgmcu.o ABSOLUTE
    ..\\..\\Libraries\\StdPeriphDriver\\src\\apm32f402_403_dma.c 0x00000000   Number         0  apm32f402_403_dma.o ABSOLUTE
    ..\\..\\Libraries\\StdPeriphDriver\\src\\apm32f402_403_eint.c 0x00000000   Number         0  apm32f402_403_eint.o ABSOLUTE
    ..\\..\\Libraries\\StdPeriphDriver\\src\\apm32f402_403_fmc.c 0x00000000   Number         0  apm32f402_403_fmc.o ABSOLUTE
    ..\\..\\Libraries\\StdPeriphDriver\\src\\apm32f402_403_gpio.c 0x00000000   Number         0  apm32f402_403_gpio.o ABSOLUTE
    ..\\..\\Libraries\\StdPeriphDriver\\src\\apm32f402_403_i2c.c 0x00000000   Number         0  apm32f402_403_i2c.o ABSOLUTE
    ..\\..\\Libraries\\StdPeriphDriver\\src\\apm32f402_403_iwdt.c 0x00000000   Number         0  apm32f402_403_iwdt.o ABSOLUTE
    ..\\..\\Libraries\\StdPeriphDriver\\src\\apm32f402_403_misc.c 0x00000000   Number         0  apm32f402_403_misc.o ABSOLUTE
    ..\\..\\Libraries\\StdPeriphDriver\\src\\apm32f402_403_pmu.c 0x00000000   Number         0  apm32f402_403_pmu.o ABSOLUTE
    ..\\..\\Libraries\\StdPeriphDriver\\src\\apm32f402_403_rcm.c 0x00000000   Number         0  apm32f402_403_rcm.o ABSOLUTE
    ..\\..\\Libraries\\StdPeriphDriver\\src\\apm32f402_403_rtc.c 0x00000000   Number         0  apm32f402_403_rtc.o ABSOLUTE
    ..\\..\\Libraries\\StdPeriphDriver\\src\\apm32f402_403_spi.c 0x00000000   Number         0  apm32f402_403_spi.o ABSOLUTE
    ..\\..\\Libraries\\StdPeriphDriver\\src\\apm32f402_403_tmr.c 0x00000000   Number         0  apm32f402_403_tmr.o ABSOLUTE
    ..\\..\\Libraries\\StdPeriphDriver\\src\\apm32f402_403_usart.c 0x00000000   Number         0  apm32f402_403_usart.o ABSOLUTE
    ..\\..\\Libraries\\StdPeriphDriver\\src\\apm32f402_403_wwdt.c 0x00000000   Number         0  apm32f402_403_wwdt.o ABSOLUTE
    ..\\..\\Middlewares\\CMSIS-FreeRTOS\\CMSIS\\RTOS2\\FreeRTOS\\Source\\cmsis_os2.c 0x00000000   Number         0  cmsis_os2.o ABSOLUTE
    ..\\..\\Middlewares\\CMSIS-FreeRTOS\\Source\\portable\\RVDS\\ARM_CM4F\\port.c 0x00000000   Number         0  port.o ABSOLUTE
    cdrcmple.s                               0x00000000   Number         0  cdrcmple.o ABSOLUTE
    dc.s                                     0x00000000   Number         0  dc.o ABSOLUTE
    handlers.s                               0x00000000   Number         0  handlers.o ABSOLUTE
    init.s                                   0x00000000   Number         0  init.o ABSOLUTE
    startup_apm32f402_403.s                  0x00000000   Number         0  startup_apm32f402_403.o ABSOLUTE
    RESET                                    0x08000000   Section      328  startup_apm32f402_403.o(RESET)
    .ARM.Collect$$$$00000000                 0x08000148   Section        0  entry.o(.ARM.Collect$$$$00000000)
    .ARM.Collect$$$$00000001                 0x08000148   Section        4  entry2.o(.ARM.Collect$$$$00000001)
    .ARM.Collect$$$$00000004                 0x0800014c   Section        4  entry5.o(.ARM.Collect$$$$00000004)
    .ARM.Collect$$$$00000008                 0x08000150   Section        0  entry7b.o(.ARM.Collect$$$$00000008)
    .ARM.Collect$$$$0000000A                 0x08000150   Section        0  entry8b.o(.ARM.Collect$$$$0000000A)
    .ARM.Collect$$$$0000000B                 0x08000150   Section        8  entry9a.o(.ARM.Collect$$$$0000000B)
    .ARM.Collect$$$$0000000D                 0x08000158   Section        0  entry10a.o(.ARM.Collect$$$$0000000D)
    .ARM.Collect$$$$0000000F                 0x08000158   Section        0  entry11a.o(.ARM.Collect$$$$0000000F)
    .ARM.Collect$$$$00002712                 0x08000158   Section        4  entry2.o(.ARM.Collect$$$$00002712)
    __lit__00000000                          0x08000158   Data           4  entry2.o(.ARM.Collect$$$$00002712)
    .emb_text                                0x0800015c   Section      190  port.o(.emb_text)
    $v0                                      0x0800015c   Number         0  port.o(.emb_text)
    .text                                    0x0800021c   Section       36  startup_apm32f402_403.o(.text)
    $v0                                      0x0800021c   Number         0  startup_apm32f402_403.o(.text)
    .text                                    0x08000240   Section        0  memcpya.o(.text)
    .text                                    0x08000264   Section        0  memseta.o(.text)
    .text                                    0x08000288   Section        0  uidiv.o(.text)
    .text                                    0x080002b4   Section       36  init.o(.text)
    i.BOARD_BUTTON_Config                    0x080002d8   Section        0  board_apm32f402_403_tiny.o(i.BOARD_BUTTON_Config)
    i.BOARD_BUTTON_GetState                  0x0800036c   Section        0  board_apm32f402_403_tiny.o(i.BOARD_BUTTON_GetState)
    i.BOARD_COM_Config                       0x0800038c   Section        0  board_apm32f402_403_tiny.o(i.BOARD_COM_Config)
    i.BOARD_LED_Config                       0x08000438   Section        0  board_apm32f402_403_tiny.o(i.BOARD_LED_Config)
    i.BOARD_LED_On                           0x08000488   Section        0  board_apm32f402_403_tiny.o(i.BOARD_LED_On)
    i.BOARD_LED_Toggle                       0x080004a0   Section        0  board_apm32f402_403_tiny.o(i.BOARD_LED_Toggle)
    i.BusFault_Handler                       0x080004c4   Section        0  apm32f402_403_int.o(i.BusFault_Handler)
    i.Button_Thread                          0x080004c8   Section        0  main.o(i.Button_Thread)
    i.DebugMon_Handler                       0x08000568   Section        0  apm32f402_403_int.o(i.DebugMon_Handler)
    i.EINT_Config                            0x0800056c   Section        0  apm32f402_403_eint.o(i.EINT_Config)
    i.GPIO_Config                            0x08000600   Section        0  apm32f402_403_gpio.o(i.GPIO_Config)
    i.GPIO_ConfigEINTLine                    0x0800069c   Section        0  apm32f402_403_gpio.o(i.GPIO_ConfigEINTLine)
    i.GPIO_ReadInputBit                      0x08000740   Section        0  apm32f402_403_gpio.o(i.GPIO_ReadInputBit)
    i.HardFault_Handler                      0x08000752   Section        0  apm32f402_403_int.o(i.HardFault_Handler)
    i.IRQ_Context                            0x08000756   Section        0  cmsis_os2.o(i.IRQ_Context)
    IRQ_Context                              0x08000757   Thumb Code    50  cmsis_os2.o(i.IRQ_Context)
    i.Led_Thread                             0x08000788   Section        0  main.o(i.Led_Thread)
    i.MemManage_Handler                      0x080007ba   Section        0  apm32f402_403_int.o(i.MemManage_Handler)
    i.NMI_Handler                            0x080007be   Section        0  apm32f402_403_int.o(i.NMI_Handler)
    i.NVIC_ConfigPriorityGroup               0x080007c0   Section        0  apm32f402_403_misc.o(i.NVIC_ConfigPriorityGroup)
    i.NVIC_EnableIRQRequest                  0x080007d4   Section        0  apm32f402_403_misc.o(i.NVIC_EnableIRQRequest)
    i.RCM_EnableAPB1PeriphClock              0x08000874   Section        0  apm32f402_403_rcm.o(i.RCM_EnableAPB1PeriphClock)
    i.RCM_EnableAPB2PeriphClock              0x08000884   Section        0  apm32f402_403_rcm.o(i.RCM_EnableAPB2PeriphClock)
    i.RCM_ReadHCLKFreq                       0x08000894   Section        0  apm32f402_403_rcm.o(i.RCM_ReadHCLKFreq)
    i.RCM_ReadPCLKFreq                       0x080008d0   Section        0  apm32f402_403_rcm.o(i.RCM_ReadPCLKFreq)
    i.RCM_ReadSYSCLKFreq                     0x0800091c   Section        0  apm32f402_403_rcm.o(i.RCM_ReadSYSCLKFreq)
    i.SysTick_Handler                        0x08000980   Section        0  cmsis_os2.o(i.SysTick_Handler)
    i.SystemClockConfig                      0x08000998   Section        0  system_apm32f402_403.o(i.SystemClockConfig)
    i.SystemCoreClockUpdate                  0x08000a98   Section        0  system_apm32f402_403.o(i.SystemCoreClockUpdate)
    i.SystemInit                             0x08000b4c   Section        0  system_apm32f402_403.o(i.SystemInit)
    i.USART_Config                           0x08000bb4   Section        0  apm32f402_403_usart.o(i.USART_Config)
    i.USART_ConfigStructInit                 0x08000c44   Section        0  apm32f402_403_usart.o(i.USART_ConfigStructInit)
    i.USART_Enable                           0x08000c5c   Section        0  apm32f402_403_usart.o(i.USART_Enable)
    i.USART_ReadStatusFlag                   0x08000c6a   Section        0  apm32f402_403_usart.o(i.USART_ReadStatusFlag)
    i.USART_TxData                           0x08000c7a   Section        0  apm32f402_403_usart.o(i.USART_TxData)
    i.UsageFault_Handler                     0x08000c84   Section        0  apm32f402_403_int.o(i.UsageFault_Handler)
    i.Usart_Thread                           0x08000c88   Section        0  main.o(i.Usart_Thread)
    i.__0printf$6                            0x08000cd4   Section        0  printf6.o(i.__0printf$6)
    i.__scatterload_copy                     0x08000cf4   Section       14  handlers.o(i.__scatterload_copy)
    i.__scatterload_null                     0x08000d02   Section        2  handlers.o(i.__scatterload_null)
    i.__scatterload_zeroinit                 0x08000d04   Section       14  handlers.o(i.__scatterload_zeroinit)
    i._printf_core                           0x08000d14   Section        0  printf6.o(i._printf_core)
    _printf_core                             0x08000d15   Thumb Code   748  printf6.o(i._printf_core)
    i._printf_post_padding                   0x08001004   Section        0  printf6.o(i._printf_post_padding)
    _printf_post_padding                     0x08001005   Thumb Code    36  printf6.o(i._printf_post_padding)
    i._printf_pre_padding                    0x08001028   Section        0  printf6.o(i._printf_pre_padding)
    _printf_pre_padding                      0x08001029   Thumb Code    46  printf6.o(i._printf_pre_padding)
    i.fputc                                  0x08001058   Section        0  main.o(i.fputc)
    i.main                                   0x0800107c   Section        0  main.o(i.main)
    i.osDelay                                0x080012d0   Section        0  cmsis_os2.o(i.osDelay)
    i.osKernelInitialize                     0x080012f0   Section        0  cmsis_os2.o(i.osKernelInitialize)
    i.osKernelStart                          0x08001324   Section        0  cmsis_os2.o(i.osKernelStart)
    i.osThreadNew                            0x0800138c   Section        0  cmsis_os2.o(i.osThreadNew)
    i.prvAddCurrentTaskToDelayedList         0x08001444   Section        0  tasks.o(i.prvAddCurrentTaskToDelayedList)
    prvAddCurrentTaskToDelayedList           0x08001445   Thumb Code   140  tasks.o(i.prvAddCurrentTaskToDelayedList)
    i.prvAddNewTaskToReadyList               0x080014e8   Section        0  tasks.o(i.prvAddNewTaskToReadyList)
    prvAddNewTaskToReadyList                 0x080014e9   Thumb Code   204  tasks.o(i.prvAddNewTaskToReadyList)
    i.prvCheckForValidListAndQueue           0x080015d0   Section        0  timers.o(i.prvCheckForValidListAndQueue)
    prvCheckForValidListAndQueue             0x080015d1   Thumb Code    62  timers.o(i.prvCheckForValidListAndQueue)
    i.prvCheckTasksWaitingTermination        0x0800162c   Section        0  tasks.o(i.prvCheckTasksWaitingTermination)
    prvCheckTasksWaitingTermination          0x0800162d   Thumb Code    60  tasks.o(i.prvCheckTasksWaitingTermination)
    i.prvCopyDataFromQueue                   0x08001674   Section        0  queue.o(i.prvCopyDataFromQueue)
    prvCopyDataFromQueue                     0x08001675   Thumb Code    42  queue.o(i.prvCopyDataFromQueue)
    i.prvDeleteTCB                           0x0800169e   Section        0  tasks.o(i.prvDeleteTCB)
    prvDeleteTCB                             0x0800169f   Thumb Code    80  tasks.o(i.prvDeleteTCB)
    i.prvGetNextExpireTime                   0x080016f0   Section        0  timers.o(i.prvGetNextExpireTime)
    prvGetNextExpireTime                     0x080016f1   Thumb Code    36  timers.o(i.prvGetNextExpireTime)
    i.prvHeapInit                            0x08001718   Section        0  heap_4.o(i.prvHeapInit)
    prvHeapInit                              0x08001719   Thumb Code    90  heap_4.o(i.prvHeapInit)
    i.prvIdleTask                            0x08001788   Section        0  tasks.o(i.prvIdleTask)
    prvIdleTask                              0x08001789   Thumb Code    32  tasks.o(i.prvIdleTask)
    i.prvInitialiseNewQueue                  0x080017b0   Section        0  queue.o(i.prvInitialiseNewQueue)
    prvInitialiseNewQueue                    0x080017b1   Thumb Code    42  queue.o(i.prvInitialiseNewQueue)
    i.prvInitialiseNewTask                   0x080017da   Section        0  tasks.o(i.prvInitialiseNewTask)
    prvInitialiseNewTask                     0x080017db   Thumb Code   204  tasks.o(i.prvInitialiseNewTask)
    i.prvInitialiseTaskLists                 0x080018a8   Section        0  tasks.o(i.prvInitialiseTaskLists)
    prvInitialiseTaskLists                   0x080018a9   Thumb Code    70  tasks.o(i.prvInitialiseTaskLists)
    i.prvInsertBlockIntoFreeList             0x08001910   Section        0  heap_4.o(i.prvInsertBlockIntoFreeList)
    prvInsertBlockIntoFreeList               0x08001911   Thumb Code    96  heap_4.o(i.prvInsertBlockIntoFreeList)
    i.prvInsertTimerInActiveList             0x08001978   Section        0  timers.o(i.prvInsertTimerInActiveList)
    prvInsertTimerInActiveList               0x08001979   Thumb Code    80  timers.o(i.prvInsertTimerInActiveList)
    i.prvIsQueueEmpty                        0x080019d0   Section        0  queue.o(i.prvIsQueueEmpty)
    prvIsQueueEmpty                          0x080019d1   Thumb Code    26  queue.o(i.prvIsQueueEmpty)
    i.prvProcessExpiredTimer                 0x080019ec   Section        0  timers.o(i.prvProcessExpiredTimer)
    prvProcessExpiredTimer                   0x080019ed   Thumb Code    62  timers.o(i.prvProcessExpiredTimer)
    i.prvProcessReceivedCommands             0x08001a30   Section        0  timers.o(i.prvProcessReceivedCommands)
    prvProcessReceivedCommands               0x08001a31   Thumb Code   326  timers.o(i.prvProcessReceivedCommands)
    i.prvProcessTimerOrBlockTask             0x08001b7c   Section        0  timers.o(i.prvProcessTimerOrBlockTask)
    prvProcessTimerOrBlockTask               0x08001b7d   Thumb Code   102  timers.o(i.prvProcessTimerOrBlockTask)
    i.prvReloadTimer                         0x08001bf0   Section        0  timers.o(i.prvReloadTimer)
    prvReloadTimer                           0x08001bf1   Thumb Code    40  timers.o(i.prvReloadTimer)
    i.prvResetNextTaskUnblockTime            0x08001c18   Section        0  tasks.o(i.prvResetNextTaskUnblockTime)
    prvResetNextTaskUnblockTime              0x08001c19   Thumb Code    40  tasks.o(i.prvResetNextTaskUnblockTime)
    i.prvSampleTimeNow                       0x08001c48   Section        0  timers.o(i.prvSampleTimeNow)
    prvSampleTimeNow                         0x08001c49   Thumb Code    40  timers.o(i.prvSampleTimeNow)
    i.prvSwitchTimerLists                    0x08001c74   Section        0  timers.o(i.prvSwitchTimerLists)
    prvSwitchTimerLists                      0x08001c75   Thumb Code    58  timers.o(i.prvSwitchTimerLists)
    i.prvTaskExitError                       0x08001cb8   Section        0  port.o(i.prvTaskExitError)
    prvTaskExitError                         0x08001cb9   Thumb Code    60  port.o(i.prvTaskExitError)
    i.prvTimerTask                           0x08001cf8   Section        0  timers.o(i.prvTimerTask)
    prvTimerTask                             0x08001cf9   Thumb Code    26  timers.o(i.prvTimerTask)
    i.prvUnlockQueue                         0x08001d12   Section        0  queue.o(i.prvUnlockQueue)
    prvUnlockQueue                           0x08001d13   Thumb Code   126  queue.o(i.prvUnlockQueue)
    i.pvPortMalloc                           0x08001d90   Section        0  heap_4.o(i.pvPortMalloc)
    i.pxPortInitialiseStack                  0x08001ebc   Section        0  port.o(i.pxPortInitialiseStack)
    i.uxListRemove                           0x08001ee8   Section        0  list.o(i.uxListRemove)
    i.vApplicationGetIdleTaskMemory          0x08001f10   Section        0  cmsis_os2.o(i.vApplicationGetIdleTaskMemory)
    i.vApplicationGetTimerTaskMemory         0x08001f28   Section        0  cmsis_os2.o(i.vApplicationGetTimerTaskMemory)
    i.vApplicationStackOverflowHook          0x08001f40   Section        0  cmsis_os2.o(i.vApplicationStackOverflowHook)
    i.vListInitialise                        0x08001f56   Section        0  list.o(i.vListInitialise)
    i.vListInitialiseItem                    0x08001f70   Section        0  list.o(i.vListInitialiseItem)
    i.vListInsert                            0x08001f76   Section        0  list.o(i.vListInsert)
    i.vPortEnterCritical                     0x08001fac   Section        0  port.o(i.vPortEnterCritical)
    i.vPortExitCritical                      0x08002000   Section        0  port.o(i.vPortExitCritical)
    i.vPortFree                              0x0800203c   Section        0  heap_4.o(i.vPortFree)
    i.vPortSetupTimerInterrupt               0x080020c8   Section        0  port.o(i.vPortSetupTimerInterrupt)
    i.vQueueWaitForMessageRestricted         0x080020f0   Section        0  queue.o(i.vQueueWaitForMessageRestricted)
    i.vTaskDelay                             0x0800213c   Section        0  tasks.o(i.vTaskDelay)
    i.vTaskInternalSetTimeOutState           0x08002198   Section        0  tasks.o(i.vTaskInternalSetTimeOutState)
    i.vTaskMissedYield                       0x080021b0   Section        0  tasks.o(i.vTaskMissedYield)
    i.vTaskPlaceOnEventList                  0x080021bc   Section        0  tasks.o(i.vTaskPlaceOnEventList)
    i.vTaskPlaceOnEventListRestricted        0x080021f4   Section        0  tasks.o(i.vTaskPlaceOnEventListRestricted)
    i.vTaskStartScheduler                    0x08002258   Section        0  tasks.o(i.vTaskStartScheduler)
    i.vTaskSuspendAll                        0x08002318   Section        0  tasks.o(i.vTaskSuspendAll)
    i.vTaskSwitchContext                     0x08002328   Section        0  tasks.o(i.vTaskSwitchContext)
    i.xPortStartScheduler                    0x080023f0   Section        0  port.o(i.xPortStartScheduler)
    i.xPortSysTickHandler                    0x08002528   Section        0  port.o(i.xPortSysTickHandler)
    i.xQueueGenericCreateStatic              0x0800255c   Section        0  queue.o(i.xQueueGenericCreateStatic)
    i.xQueueGenericReset                     0x080025f8   Section        0  queue.o(i.xQueueGenericReset)
    i.xQueueReceive                          0x080026d4   Section        0  queue.o(i.xQueueReceive)
    i.xTaskCheckForTimeOut                   0x0800283c   Section        0  tasks.o(i.xTaskCheckForTimeOut)
    i.xTaskCreate                            0x080028cc   Section        0  tasks.o(i.xTaskCreate)
    i.xTaskCreateStatic                      0x08002938   Section        0  tasks.o(i.xTaskCreateStatic)
    i.xTaskGetSchedulerState                 0x080029fc   Section        0  tasks.o(i.xTaskGetSchedulerState)
    i.xTaskGetTickCount                      0x08002a1c   Section        0  tasks.o(i.xTaskGetTickCount)
    i.xTaskIncrementTick                     0x08002a28   Section        0  tasks.o(i.xTaskIncrementTick)
    i.xTaskRemoveFromEventList               0x08002be0   Section        0  tasks.o(i.xTaskRemoveFromEventList)
    i.xTaskResumeAll                         0x08002d00   Section        0  tasks.o(i.xTaskResumeAll)
    i.xTimerCreateTimerTask                  0x08002e74   Section        0  timers.o(i.xTimerCreateTimerTask)
    .constdata                               0x08002eec   Section      108  main.o(.constdata)
    ledThreadAttr                            0x08002eec   Data          36  main.o(.constdata)
    usartThreadAttr                          0x08002f10   Data          36  main.o(.constdata)
    buttonThreadAttr                         0x08002f34   Data          36  main.o(.constdata)
    .constdata                               0x08002f58   Section       68  board_apm32f402_403_tiny.o(.constdata)
    .conststring                             0x08002f9c   Section       35  main.o(.conststring)
    .data                                    0x20000000   Section       12  main.o(.data)
    ledThreadID                              0x20000000   Data           4  main.o(.data)
    usartThreadID                            0x20000004   Data           4  main.o(.data)
    buttonThreadID                           0x20000008   Data           4  main.o(.data)
    .data                                    0x2000000c   Section       40  board_apm32f402_403_tiny.o(.data)
    .data                                    0x20000034   Section        4  system_apm32f402_403.o(.data)
    .data                                    0x20000038   Section       64  tasks.o(.data)
    pxDelayedTaskList                        0x2000003c   Data           4  tasks.o(.data)
    pxOverflowDelayedTaskList                0x20000040   Data           4  tasks.o(.data)
    uxDeletedTasksWaitingCleanUp             0x20000044   Data           4  tasks.o(.data)
    uxCurrentNumberOfTasks                   0x20000048   Data           4  tasks.o(.data)
    xTickCount                               0x2000004c   Data           4  tasks.o(.data)
    uxTopReadyPriority                       0x20000050   Data           4  tasks.o(.data)
    xSchedulerRunning                        0x20000054   Data           4  tasks.o(.data)
    xPendedTicks                             0x20000058   Data           4  tasks.o(.data)
    xYieldPending                            0x2000005c   Data           4  tasks.o(.data)
    xNumOfOverflows                          0x20000060   Data           4  tasks.o(.data)
    uxTaskNumber                             0x20000064   Data           4  tasks.o(.data)
    xNextTaskUnblockTime                     0x20000068   Data           4  tasks.o(.data)
    xIdleTaskHandle                          0x2000006c   Data           4  tasks.o(.data)
    uxSchedulerSuspended                     0x20000074   Data           4  tasks.o(.data)
    .data                                    0x20000078   Section       20  timers.o(.data)
    pxCurrentTimerList                       0x20000078   Data           4  timers.o(.data)
    pxOverflowTimerList                      0x2000007c   Data           4  timers.o(.data)
    xTimerQueue                              0x20000080   Data           4  timers.o(.data)
    xTimerTaskHandle                         0x20000084   Data           4  timers.o(.data)
    xLastTime                                0x20000088   Data           4  timers.o(.data)
    .data                                    0x2000008c   Section        4  cmsis_os2.o(.data)
    KernelState                              0x2000008c   Data           4  cmsis_os2.o(.data)
    .data                                    0x20000090   Section       12  port.o(.data)
    uxCriticalNesting                        0x20000090   Data           4  port.o(.data)
    ucMaxSysCallPriority                     0x20000094   Data           1  port.o(.data)
    ulMaxPRIGROUPValue                       0x20000098   Data           4  port.o(.data)
    .data                                    0x2000009c   Section       28  heap_4.o(.data)
    xStart                                   0x2000009c   Data           8  heap_4.o(.data)
    pxEnd                                    0x200000a4   Data           4  heap_4.o(.data)
    xFreeBytesRemaining                      0x200000a8   Data           4  heap_4.o(.data)
    xMinimumEverFreeBytesRemaining           0x200000ac   Data           4  heap_4.o(.data)
    xNumberOfSuccessfulAllocations           0x200000b0   Data           4  heap_4.o(.data)
    xNumberOfSuccessfulFrees                 0x200000b4   Data           4  heap_4.o(.data)
    .data                                    0x200000b8   Section        4  stdout.o(.data)
    .bss                                     0x200000bc   Section     1220  tasks.o(.bss)
    pxReadyTasksLists                        0x200000bc   Data        1120  tasks.o(.bss)
    xDelayedTaskList1                        0x2000051c   Data          20  tasks.o(.bss)
    xDelayedTaskList2                        0x20000530   Data          20  tasks.o(.bss)
    xPendingReadyList                        0x20000544   Data          20  tasks.o(.bss)
    xTasksWaitingTermination                 0x20000558   Data          20  tasks.o(.bss)
    xSuspendedTaskList                       0x2000056c   Data          20  tasks.o(.bss)
    .bss                                     0x20000580   Section      200  timers.o(.bss)
    xActiveTimerList1                        0x20000580   Data          20  timers.o(.bss)
    xActiveTimerList2                        0x20000594   Data          20  timers.o(.bss)
    xStaticTimerQueue                        0x200005a8   Data          80  timers.o(.bss)
    ucStaticTimerQueueStorage                0x200005f8   Data          80  timers.o(.bss)
    .bss                                     0x20000648   Section     1016  cmsis_os2.o(.bss)
    Idle_TCB                                 0x20000648   Data          92  cmsis_os2.o(.bss)
    Idle_Stack                               0x200006a4   Data         512  cmsis_os2.o(.bss)
    Timer_TCB                                0x200008a4   Data          92  cmsis_os2.o(.bss)
    Timer_Stack                              0x20000900   Data         320  cmsis_os2.o(.bss)
    .bss                                     0x20000a40   Section     4096  heap_4.o(.bss)
    ucHeap                                   0x20000a40   Data        4096  heap_4.o(.bss)
    STACK                                    0x20001a40   Section     1024  startup_apm32f402_403.o(STACK)

    Global Symbols

    Symbol Name                              Value     Ov Type        Size  Object(Section)

    BuildAttributes$$THM_ISAv4$E$P$D$K$B$S$7EM$VFPi3$EXTD16$VFPS$VFMA$PE$A:L22UL41UL21$X:L11$S22US41US21$IEEE1$IW$USESV6$~STKCKD$USESV7$~SHL$OSPACE$ROPI$EBA8$MICROLIB$REQ8$PRES8$EABIv2 0x00000000   Number         0  anon$$obj.o ABSOLUTE
    __ARM_use_no_argv                        0x00000000   Number         0  main.o ABSOLUTE
    _printf_a                                0x00000000   Number         0  stubs.o ABSOLUTE
    _printf_c                                0x00000000   Number         0  stubs.o ABSOLUTE
    _printf_charcount                        0x00000000   Number         0  stubs.o ABSOLUTE
    _printf_d                                0x00000000   Number         0  stubs.o ABSOLUTE
    _printf_e                                0x00000000   Number         0  stubs.o ABSOLUTE
    _printf_f                                0x00000000   Number         0  stubs.o ABSOLUTE
    _printf_flags                            0x00000000   Number         0  stubs.o ABSOLUTE
    _printf_fp_dec                           0x00000000   Number         0  stubs.o ABSOLUTE
    _printf_fp_hex                           0x00000000   Number         0  stubs.o ABSOLUTE
    _printf_g                                0x00000000   Number         0  stubs.o ABSOLUTE
    _printf_i                                0x00000000   Number         0  stubs.o ABSOLUTE
    _printf_int_dec                          0x00000000   Number         0  stubs.o ABSOLUTE
    _printf_l                                0x00000000   Number         0  stubs.o ABSOLUTE
    _printf_lc                               0x00000000   Number         0  stubs.o ABSOLUTE
    _printf_ll                               0x00000000   Number         0  stubs.o ABSOLUTE
    _printf_lld                              0x00000000   Number         0  stubs.o ABSOLUTE
    _printf_lli                              0x00000000   Number         0  stubs.o ABSOLUTE
    _printf_llo                              0x00000000   Number         0  stubs.o ABSOLUTE
    _printf_llu                              0x00000000   Number         0  stubs.o ABSOLUTE
    _printf_llx                              0x00000000   Number         0  stubs.o ABSOLUTE
    _printf_longlong_dec                     0x00000000   Number         0  stubs.o ABSOLUTE
    _printf_longlong_hex                     0x00000000   Number         0  stubs.o ABSOLUTE
    _printf_longlong_oct                     0x00000000   Number         0  stubs.o ABSOLUTE
    _printf_ls                               0x00000000   Number         0  stubs.o ABSOLUTE
    _printf_mbtowc                           0x00000000   Number         0  stubs.o ABSOLUTE
    _printf_n                                0x00000000   Number         0  stubs.o ABSOLUTE
    _printf_o                                0x00000000   Number         0  stubs.o ABSOLUTE
    _printf_p                                0x00000000   Number         0  stubs.o ABSOLUTE
    _printf_percent                          0x00000000   Number         0  stubs.o ABSOLUTE
    _printf_pre_padding                      0x00000000   Number         0  stubs.o ABSOLUTE
    _printf_return_value                     0x00000000   Number         0  stubs.o ABSOLUTE
    _printf_s                                0x00000000   Number         0  stubs.o ABSOLUTE
    _printf_sizespec                         0x00000000   Number         0  stubs.o ABSOLUTE
    _printf_str                              0x00000000   Number         0  stubs.o ABSOLUTE
    _printf_truncate_signed                  0x00000000   Number         0  stubs.o ABSOLUTE
    _printf_truncate_unsigned                0x00000000   Number         0  stubs.o ABSOLUTE
    _printf_u                                0x00000000   Number         0  stubs.o ABSOLUTE
    _printf_wc                               0x00000000   Number         0  stubs.o ABSOLUTE
    _printf_wctomb                           0x00000000   Number         0  stubs.o ABSOLUTE
    _printf_widthprec                        0x00000000   Number         0  stubs.o ABSOLUTE
    _printf_x                                0x00000000   Number         0  stubs.o ABSOLUTE
    __cpp_initialize__aeabi_                  - Undefined Weak Reference
    __cxa_finalize                            - Undefined Weak Reference
    __decompress                              - Undefined Weak Reference
    _clock_init                               - Undefined Weak Reference
    _microlib_exit                            - Undefined Weak Reference
    __Vectors_Size                           0x00000148   Number         0  startup_apm32f402_403.o ABSOLUTE
    __Vectors                                0x08000000   Data           4  startup_apm32f402_403.o(RESET)
    __Vectors_End                            0x08000148   Data           0  startup_apm32f402_403.o(RESET)
    __main                                   0x08000149   Thumb Code     0  entry.o(.ARM.Collect$$$$00000000)
    _main_stk                                0x08000149   Thumb Code     0  entry2.o(.ARM.Collect$$$$00000001)
    _main_scatterload                        0x0800014d   Thumb Code     0  entry5.o(.ARM.Collect$$$$00000004)
    __main_after_scatterload                 0x08000151   Thumb Code     0  entry5.o(.ARM.Collect$$$$00000004)
    _main_clock                              0x08000151   Thumb Code     0  entry7b.o(.ARM.Collect$$$$00000008)
    _main_cpp_init                           0x08000151   Thumb Code     0  entry8b.o(.ARM.Collect$$$$0000000A)
    _main_init                               0x08000151   Thumb Code     0  entry9a.o(.ARM.Collect$$$$0000000B)
    __rt_final_cpp                           0x08000159   Thumb Code     0  entry10a.o(.ARM.Collect$$$$0000000D)
    __rt_final_exit                          0x08000159   Thumb Code     0  entry11a.o(.ARM.Collect$$$$0000000F)
    SVC_Handler                              0x0800015d   Thumb Code    28  port.o(.emb_text)
    __asm___6_port_c_39a90d8d__prvStartFirstTask 0x0800017d   Thumb Code    36  port.o(.emb_text)
    __asm___6_port_c_39a90d8d__prvEnableVFP  0x080001a5   Thumb Code    16  port.o(.emb_text)
    PendSV_Handler                           0x080001b9   Thumb Code    88  port.o(.emb_text)
    vPortGetIPSR                             0x08000215   Thumb Code     6  port.o(.emb_text)
    Reset_Handler                            0x0800021d   Thumb Code     8  startup_apm32f402_403.o(.text)
    ADC1_2_IRQHandler                        0x08000237   Thumb Code     0  startup_apm32f402_403.o(.text)
    CAN1_RX0_IRQHandler                      0x08000237   Thumb Code     0  startup_apm32f402_403.o(.text)
    CAN1_RX1_IRQHandler                      0x08000237   Thumb Code     0  startup_apm32f402_403.o(.text)
    CAN1_SCE_IRQHandler                      0x08000237   Thumb Code     0  startup_apm32f402_403.o(.text)
    CAN1_TX_IRQHandler                       0x08000237   Thumb Code     0  startup_apm32f402_403.o(.text)
    CAN2_RX0_IRQHandler                      0x08000237   Thumb Code     0  startup_apm32f402_403.o(.text)
    CAN2_RX1_IRQHandler                      0x08000237   Thumb Code     0  startup_apm32f402_403.o(.text)
    CAN2_SCE_IRQHandler                      0x08000237   Thumb Code     0  startup_apm32f402_403.o(.text)
    CAN2_TX_IRQHandler                       0x08000237   Thumb Code     0  startup_apm32f402_403.o(.text)
    DMA1_Channel1_IRQHandler                 0x08000237   Thumb Code     0  startup_apm32f402_403.o(.text)
    DMA1_Channel2_IRQHandler                 0x08000237   Thumb Code     0  startup_apm32f402_403.o(.text)
    DMA1_Channel3_IRQHandler                 0x08000237   Thumb Code     0  startup_apm32f402_403.o(.text)
    DMA1_Channel4_IRQHandler                 0x08000237   Thumb Code     0  startup_apm32f402_403.o(.text)
    DMA1_Channel5_IRQHandler                 0x08000237   Thumb Code     0  startup_apm32f402_403.o(.text)
    DMA1_Channel6_IRQHandler                 0x08000237   Thumb Code     0  startup_apm32f402_403.o(.text)
    DMA1_Channel7_IRQHandler                 0x08000237   Thumb Code     0  startup_apm32f402_403.o(.text)
    DMA2_Channel1_IRQHandler                 0x08000237   Thumb Code     0  startup_apm32f402_403.o(.text)
    DMA2_Channel2_IRQHandler                 0x08000237   Thumb Code     0  startup_apm32f402_403.o(.text)
    DMA2_Channel3_IRQHandler                 0x08000237   Thumb Code     0  startup_apm32f402_403.o(.text)
    DMA2_Channel4_5_IRQHandler               0x08000237   Thumb Code     0  startup_apm32f402_403.o(.text)
    EINT0_IRQHandler                         0x08000237   Thumb Code     0  startup_apm32f402_403.o(.text)
    EINT15_10_IRQHandler                     0x08000237   Thumb Code     0  startup_apm32f402_403.o(.text)
    EINT1_IRQHandler                         0x08000237   Thumb Code     0  startup_apm32f402_403.o(.text)
    EINT2_IRQHandler                         0x08000237   Thumb Code     0  startup_apm32f402_403.o(.text)
    EINT3_IRQHandler                         0x08000237   Thumb Code     0  startup_apm32f402_403.o(.text)
    EINT4_IRQHandler                         0x08000237   Thumb Code     0  startup_apm32f402_403.o(.text)
    EINT9_5_IRQHandler                       0x08000237   Thumb Code     0  startup_apm32f402_403.o(.text)
    FLASH_IRQHandler                         0x08000237   Thumb Code     0  startup_apm32f402_403.o(.text)
    FPU_IRQHandler                           0x08000237   Thumb Code     0  startup_apm32f402_403.o(.text)
    I2C1_ER_IRQHandler                       0x08000237   Thumb Code     0  startup_apm32f402_403.o(.text)
    I2C1_EV_IRQHandler                       0x08000237   Thumb Code     0  startup_apm32f402_403.o(.text)
    OTG_FS_IRQHandler                        0x08000237   Thumb Code     0  startup_apm32f402_403.o(.text)
    OTG_FS_WKUP_IRQHandler                   0x08000237   Thumb Code     0  startup_apm32f402_403.o(.text)
    PVD_IRQHandler                           0x08000237   Thumb Code     0  startup_apm32f402_403.o(.text)
    RCM_IRQHandler                           0x08000237   Thumb Code     0  startup_apm32f402_403.o(.text)
    RTC_Alarm_IRQHandler                     0x08000237   Thumb Code     0  startup_apm32f402_403.o(.text)
    RTC_IRQHandler                           0x08000237   Thumb Code     0  startup_apm32f402_403.o(.text)
    SPI1_IRQHandler                          0x08000237   Thumb Code     0  startup_apm32f402_403.o(.text)
    SPI2_IRQHandler                          0x08000237   Thumb Code     0  startup_apm32f402_403.o(.text)
    TAMPER_IRQHandler                        0x08000237   Thumb Code     0  startup_apm32f402_403.o(.text)
    TMR1_BRK_IRQHandler                      0x08000237   Thumb Code     0  startup_apm32f402_403.o(.text)
    TMR1_CC_IRQHandler                       0x08000237   Thumb Code     0  startup_apm32f402_403.o(.text)
    TMR1_TRG_COM_IRQHandler                  0x08000237   Thumb Code     0  startup_apm32f402_403.o(.text)
    TMR1_UP_IRQHandler                       0x08000237   Thumb Code     0  startup_apm32f402_403.o(.text)
    TMR2_IRQHandler                          0x08000237   Thumb Code     0  startup_apm32f402_403.o(.text)
    TMR3_IRQHandler                          0x08000237   Thumb Code     0  startup_apm32f402_403.o(.text)
    TMR4_IRQHandler                          0x08000237   Thumb Code     0  startup_apm32f402_403.o(.text)
    TMR5_IRQHandler                          0x08000237   Thumb Code     0  startup_apm32f402_403.o(.text)
    TMR8_BRK_IRQHandler                      0x08000237   Thumb Code     0  startup_apm32f402_403.o(.text)
    TMR8_CC_IRQHandler                       0x08000237   Thumb Code     0  startup_apm32f402_403.o(.text)
    TMR8_TRG_COM_IRQHandler                  0x08000237   Thumb Code     0  startup_apm32f402_403.o(.text)
    TMR8_UP_IRQHandler                       0x08000237   Thumb Code     0  startup_apm32f402_403.o(.text)
    UART4_IRQHandler                         0x08000237   Thumb Code     0  startup_apm32f402_403.o(.text)
    USART1_IRQHandler                        0x08000237   Thumb Code     0  startup_apm32f402_403.o(.text)
    USART2_IRQHandler                        0x08000237   Thumb Code     0  startup_apm32f402_403.o(.text)
    USART3_IRQHandler                        0x08000237   Thumb Code     0  startup_apm32f402_403.o(.text)
    WWDT_IRQHandler                          0x08000237   Thumb Code     0  startup_apm32f402_403.o(.text)
    __aeabi_memcpy                           0x08000241   Thumb Code    36  memcpya.o(.text)
    __aeabi_memcpy4                          0x08000241   Thumb Code     0  memcpya.o(.text)
    __aeabi_memcpy8                          0x08000241   Thumb Code     0  memcpya.o(.text)
    __aeabi_memset                           0x08000265   Thumb Code    14  memseta.o(.text)
    __aeabi_memset4                          0x08000265   Thumb Code     0  memseta.o(.text)
    __aeabi_memset8                          0x08000265   Thumb Code     0  memseta.o(.text)
    __aeabi_memclr                           0x08000273   Thumb Code     4  memseta.o(.text)
    __aeabi_memclr4                          0x08000273   Thumb Code     0  memseta.o(.text)
    __aeabi_memclr8                          0x08000273   Thumb Code     0  memseta.o(.text)
    memset                                   0x08000277   Thumb Code    18  memseta.o(.text)
    __aeabi_uidiv                            0x08000289   Thumb Code     0  uidiv.o(.text)
    __aeabi_uidivmod                         0x08000289   Thumb Code    44  uidiv.o(.text)
    __scatterload                            0x080002b5   Thumb Code    28  init.o(.text)
    __scatterload_rt2                        0x080002b5   Thumb Code     0  init.o(.text)
    BOARD_BUTTON_Config                      0x080002d9   Thumb Code   118  board_apm32f402_403_tiny.o(i.BOARD_BUTTON_Config)
    BOARD_BUTTON_GetState                    0x0800036d   Thumb Code    22  board_apm32f402_403_tiny.o(i.BOARD_BUTTON_GetState)
    BOARD_COM_Config                         0x0800038d   Thumb Code   140  board_apm32f402_403_tiny.o(i.BOARD_COM_Config)
    BOARD_LED_Config                         0x08000439   Thumb Code    68  board_apm32f402_403_tiny.o(i.BOARD_LED_Config)
    BOARD_LED_On                             0x08000489   Thumb Code    16  board_apm32f402_403_tiny.o(i.BOARD_LED_On)
    BOARD_LED_Toggle                         0x080004a1   Thumb Code    26  board_apm32f402_403_tiny.o(i.BOARD_LED_Toggle)
    BusFault_Handler                         0x080004c5   Thumb Code     4  apm32f402_403_int.o(i.BusFault_Handler)
    Button_Thread                            0x080004c9   Thumb Code    84  main.o(i.Button_Thread)
    DebugMon_Handler                         0x08000569   Thumb Code     2  apm32f402_403_int.o(i.DebugMon_Handler)
    EINT_Config                              0x0800056d   Thumb Code   142  apm32f402_403_eint.o(i.EINT_Config)
    GPIO_Config                              0x08000601   Thumb Code   154  apm32f402_403_gpio.o(i.GPIO_Config)
    GPIO_ConfigEINTLine                      0x0800069d   Thumb Code   158  apm32f402_403_gpio.o(i.GPIO_ConfigEINTLine)
    GPIO_ReadInputBit                        0x08000741   Thumb Code    18  apm32f402_403_gpio.o(i.GPIO_ReadInputBit)
    HardFault_Handler                        0x08000753   Thumb Code     4  apm32f402_403_int.o(i.HardFault_Handler)
    Led_Thread                               0x08000789   Thumb Code    50  main.o(i.Led_Thread)
    MemManage_Handler                        0x080007bb   Thumb Code     4  apm32f402_403_int.o(i.MemManage_Handler)
    NMI_Handler                              0x080007bf   Thumb Code     2  apm32f402_403_int.o(i.NMI_Handler)
    NVIC_ConfigPriorityGroup                 0x080007c1   Thumb Code    10  apm32f402_403_misc.o(i.NVIC_ConfigPriorityGroup)
    NVIC_EnableIRQRequest                    0x080007d5   Thumb Code   150  apm32f402_403_misc.o(i.NVIC_EnableIRQRequest)
    RCM_EnableAPB1PeriphClock                0x08000875   Thumb Code    12  apm32f402_403_rcm.o(i.RCM_EnableAPB1PeriphClock)
    RCM_EnableAPB2PeriphClock                0x08000885   Thumb Code    12  apm32f402_403_rcm.o(i.RCM_EnableAPB2PeriphClock)
    RCM_ReadHCLKFreq                         0x08000895   Thumb Code    38  apm32f402_403_rcm.o(i.RCM_ReadHCLKFreq)
    RCM_ReadPCLKFreq                         0x080008d1   Thumb Code    62  apm32f402_403_rcm.o(i.RCM_ReadPCLKFreq)
    RCM_ReadSYSCLKFreq                       0x0800091d   Thumb Code    86  apm32f402_403_rcm.o(i.RCM_ReadSYSCLKFreq)
    SysTick_Handler                          0x08000981   Thumb Code    22  cmsis_os2.o(i.SysTick_Handler)
    SystemClockConfig                        0x08000999   Thumb Code   248  system_apm32f402_403.o(i.SystemClockConfig)
    SystemCoreClockUpdate                    0x08000a99   Thumb Code   148  system_apm32f402_403.o(i.SystemCoreClockUpdate)
    SystemInit                               0x08000b4d   Thumb Code    86  system_apm32f402_403.o(i.SystemInit)
    USART_Config                             0x08000bb5   Thumb Code   138  apm32f402_403_usart.o(i.USART_Config)
    USART_ConfigStructInit                   0x08000c45   Thumb Code    24  apm32f402_403_usart.o(i.USART_ConfigStructInit)
    USART_Enable                             0x08000c5d   Thumb Code    14  apm32f402_403_usart.o(i.USART_Enable)
    USART_ReadStatusFlag                     0x08000c6b   Thumb Code    16  apm32f402_403_usart.o(i.USART_ReadStatusFlag)
    USART_TxData                             0x08000c7b   Thumb Code    10  apm32f402_403_usart.o(i.USART_TxData)
    UsageFault_Handler                       0x08000c85   Thumb Code     4  apm32f402_403_int.o(i.UsageFault_Handler)
    Usart_Thread                             0x08000c89   Thumb Code    32  main.o(i.Usart_Thread)
    __0printf$6                              0x08000cd5   Thumb Code    22  printf6.o(i.__0printf$6)
    __1printf$6                              0x08000cd5   Thumb Code     0  printf6.o(i.__0printf$6)
    __2printf                                0x08000cd5   Thumb Code     0  printf6.o(i.__0printf$6)
    __scatterload_copy                       0x08000cf5   Thumb Code    14  handlers.o(i.__scatterload_copy)
    __scatterload_null                       0x08000d03   Thumb Code     2  handlers.o(i.__scatterload_null)
    __scatterload_zeroinit                   0x08000d05   Thumb Code    14  handlers.o(i.__scatterload_zeroinit)
    fputc                                    0x08001059   Thumb Code    32  main.o(i.fputc)
    main                                     0x0800107d   Thumb Code   216  main.o(i.main)
    osDelay                                  0x080012d1   Thumb Code    30  cmsis_os2.o(i.osDelay)
    osKernelInitialize                       0x080012f1   Thumb Code    48  cmsis_os2.o(i.osKernelInitialize)
    osKernelStart                            0x08001325   Thumb Code    92  cmsis_os2.o(i.osKernelStart)
    osThreadNew                              0x0800138d   Thumb Code   184  cmsis_os2.o(i.osThreadNew)
    pvPortMalloc                             0x08001d91   Thumb Code   280  heap_4.o(i.pvPortMalloc)
    pxPortInitialiseStack                    0x08001ebd   Thumb Code    38  port.o(i.pxPortInitialiseStack)
    uxListRemove                             0x08001ee9   Thumb Code    40  list.o(i.uxListRemove)
    vApplicationGetIdleTaskMemory            0x08001f11   Thumb Code    14  cmsis_os2.o(i.vApplicationGetIdleTaskMemory)
    vApplicationGetTimerTaskMemory           0x08001f29   Thumb Code    14  cmsis_os2.o(i.vApplicationGetTimerTaskMemory)
    vApplicationStackOverflowHook            0x08001f41   Thumb Code    22  cmsis_os2.o(i.vApplicationStackOverflowHook)
    vListInitialise                          0x08001f57   Thumb Code    26  list.o(i.vListInitialise)
    vListInitialiseItem                      0x08001f71   Thumb Code     6  list.o(i.vListInitialiseItem)
    vListInsert                              0x08001f77   Thumb Code    52  list.o(i.vListInsert)
    vPortEnterCritical                       0x08001fad   Thumb Code    76  port.o(i.vPortEnterCritical)
    vPortExitCritical                        0x08002001   Thumb Code    56  port.o(i.vPortExitCritical)
    vPortFree                                0x0800203d   Thumb Code   132  heap_4.o(i.vPortFree)
    vPortSetupTimerInterrupt                 0x080020c9   Thumb Code    36  port.o(i.vPortSetupTimerInterrupt)
    vQueueWaitForMessageRestricted           0x080020f1   Thumb Code    74  queue.o(i.vQueueWaitForMessageRestricted)
    vTaskDelay                               0x0800213d   Thumb Code    82  tasks.o(i.vTaskDelay)
    vTaskInternalSetTimeOutState             0x08002199   Thumb Code    14  tasks.o(i.vTaskInternalSetTimeOutState)
    vTaskMissedYield                         0x080021b1   Thumb Code     8  tasks.o(i.vTaskMissedYield)
    vTaskPlaceOnEventList                    0x080021bd   Thumb Code    52  tasks.o(i.vTaskPlaceOnEventList)
    vTaskPlaceOnEventListRestricted          0x080021f5   Thumb Code    94  tasks.o(i.vTaskPlaceOnEventListRestricted)
    vTaskStartScheduler                      0x08002259   Thumb Code   160  tasks.o(i.vTaskStartScheduler)
    vTaskSuspendAll                          0x08002319   Thumb Code    12  tasks.o(i.vTaskSuspendAll)
    vTaskSwitchContext                       0x08002329   Thumb Code   178  tasks.o(i.vTaskSwitchContext)
    xPortStartScheduler                      0x080023f1   Thumb Code   284  port.o(i.xPortStartScheduler)
    xPortSysTickHandler                      0x08002529   Thumb Code    46  port.o(i.xPortSysTickHandler)
    xQueueGenericCreateStatic                0x0800255d   Thumb Code   154  queue.o(i.xQueueGenericCreateStatic)
    xQueueGenericReset                       0x080025f9   Thumb Code   214  queue.o(i.xQueueGenericReset)
    xQueueReceive                            0x080026d5   Thumb Code   356  queue.o(i.xQueueReceive)
    xTaskCheckForTimeOut                     0x0800283d   Thumb Code   136  tasks.o(i.xTaskCheckForTimeOut)
    xTaskCreate                              0x080028cd   Thumb Code   108  tasks.o(i.xTaskCreate)
    xTaskCreateStatic                        0x08002939   Thumb Code   194  tasks.o(i.xTaskCreateStatic)
    xTaskGetSchedulerState                   0x080029fd   Thumb Code    24  tasks.o(i.xTaskGetSchedulerState)
    xTaskGetTickCount                        0x08002a1d   Thumb Code     6  tasks.o(i.xTaskGetTickCount)
    xTaskIncrementTick                       0x08002a29   Thumb Code   396  tasks.o(i.xTaskIncrementTick)
    xTaskRemoveFromEventList                 0x08002be1   Thumb Code   262  tasks.o(i.xTaskRemoveFromEventList)
    xTaskResumeAll                           0x08002d01   Thumb Code   336  tasks.o(i.xTaskResumeAll)
    xTimerCreateTimerTask                    0x08002e75   Thumb Code   100  timers.o(i.xTimerCreateTimerTask)
    LED_PIN                                  0x08002f58   Data           4  board_apm32f402_403_tiny.o(.constdata)
    LED_CLK                                  0x08002f5c   Data           8  board_apm32f402_403_tiny.o(.constdata)
    BUTTON_PIN                               0x08002f64   Data           4  board_apm32f402_403_tiny.o(.constdata)
    BUTTON_CLK                               0x08002f68   Data           8  board_apm32f402_403_tiny.o(.constdata)
    BUTTON_EINT_LINE                         0x08002f70   Data           4  board_apm32f402_403_tiny.o(.constdata)
    BUTTON_PORT_SOURCE                       0x08002f74   Data           2  board_apm32f402_403_tiny.o(.constdata)
    BUTTON_PIN_SOURCE                        0x08002f76   Data           2  board_apm32f402_403_tiny.o(.constdata)
    BUTTON_IRQn                              0x08002f78   Data           2  board_apm32f402_403_tiny.o(.constdata)
    COM_PORT_CLK                             0x08002f7c   Data           8  board_apm32f402_403_tiny.o(.constdata)
    COM_TX_PIN                               0x08002f84   Data           4  board_apm32f402_403_tiny.o(.constdata)
    COM_RX_PIN                               0x08002f88   Data           4  board_apm32f402_403_tiny.o(.constdata)
    COM_TX_PORT_CLK                          0x08002f8c   Data           8  board_apm32f402_403_tiny.o(.constdata)
    COM_RX_PORT_CLK                          0x08002f94   Data           8  board_apm32f402_403_tiny.o(.constdata)
    Region$$Table$$Base                      0x08002fc0   Number         0  anon$$obj.o(Region$$Table)
    Region$$Table$$Limit                     0x08002fe0   Number         0  anon$$obj.o(Region$$Table)
    LED_PORT                                 0x2000000c   Data           8  board_apm32f402_403_tiny.o(.data)
    BUTTON_PORT                              0x20000014   Data           8  board_apm32f402_403_tiny.o(.data)
    COM_PORT                                 0x2000001c   Data           8  board_apm32f402_403_tiny.o(.data)
    COM_TX_PORT                              0x20000024   Data           8  board_apm32f402_403_tiny.o(.data)
    COM_RX_PORT                              0x2000002c   Data           8  board_apm32f402_403_tiny.o(.data)
    SystemCoreClock                          0x20000034   Data           4  system_apm32f402_403.o(.data)
    pxCurrentTCB                             0x20000038   Data           4  tasks.o(.data)
    uxTopUsedPriority                        0x20000070   Data           4  tasks.o(.data)
    __stdout                                 0x200000b8   Data           4  stdout.o(.data)
    __initial_sp                             0x20001e40   Data           0  startup_apm32f402_403.o(STACK)



==============================================================================

Memory Map of the image

  Image Entry point : 0x08000149

  Load Region LR_IROM1 (Base: 0x08000000, Size: 0x0000309c, Max: 0x00020000, ABSOLUTE)

    Execution Region ER_IROM1 (Exec base: 0x08000000, Load base: 0x08000000, Size: 0x00002fe0, Max: 0x00020000, ABSOLUTE)

    Exec Addr    Load Addr    Size         Type   Attr      Idx    E Section Name        Object

    0x08000000   0x08000000   0x00000148   Data   RO          237    RESET               startup_apm32f402_403.o
    0x08000148   0x08000148   0x00000000   Code   RO         5475  * .ARM.Collect$$$$00000000  mc_w.l(entry.o)
    0x08000148   0x08000148   0x00000004   Code   RO         5747    .ARM.Collect$$$$00000001  mc_w.l(entry2.o)
    0x0800014c   0x0800014c   0x00000004   Code   RO         5750    .ARM.Collect$$$$00000004  mc_w.l(entry5.o)
    0x08000150   0x08000150   0x00000000   Code   RO         5752    .ARM.Collect$$$$00000008  mc_w.l(entry7b.o)
    0x08000150   0x08000150   0x00000000   Code   RO         5754    .ARM.Collect$$$$0000000A  mc_w.l(entry8b.o)
    0x08000150   0x08000150   0x00000008   Code   RO         5755    .ARM.Collect$$$$0000000B  mc_w.l(entry9a.o)
    0x08000158   0x08000158   0x00000000   Code   RO         5757    .ARM.Collect$$$$0000000D  mc_w.l(entry10a.o)
    0x08000158   0x08000158   0x00000000   Code   RO         5759    .ARM.Collect$$$$0000000F  mc_w.l(entry11a.o)
    0x08000158   0x08000158   0x00000004   Code   RO         5748    .ARM.Collect$$$$00002712  mc_w.l(entry2.o)
    0x0800015c   0x0800015c   0x000000be   Code   RO         5337    .emb_text           port.o
    0x0800021a   0x0800021a   0x00000002   PAD
    0x0800021c   0x0800021c   0x00000024   Code   RO          238    .text               startup_apm32f402_403.o
    0x08000240   0x08000240   0x00000024   Code   RO         5478    .text               mc_w.l(memcpya.o)
    0x08000264   0x08000264   0x00000024   Code   RO         5482    .text               mc_w.l(memseta.o)
    0x08000288   0x08000288   0x0000002c   Code   RO         5762    .text               mc_w.l(uidiv.o)
    0x080002b4   0x080002b4   0x00000024   Code   RO         5777    .text               mc_w.l(init.o)
    0x080002d8   0x080002d8   0x00000094   Code   RO          174    i.BOARD_BUTTON_Config  board_apm32f402_403_tiny.o
    0x0800036c   0x0800036c   0x00000020   Code   RO          175    i.BOARD_BUTTON_GetState  board_apm32f402_403_tiny.o
    0x0800038c   0x0800038c   0x000000ac   Code   RO          176    i.BOARD_COM_Config  board_apm32f402_403_tiny.o
    0x08000438   0x08000438   0x00000050   Code   RO          177    i.BOARD_LED_Config  board_apm32f402_403_tiny.o
    0x08000488   0x08000488   0x00000018   Code   RO          179    i.BOARD_LED_On      board_apm32f402_403_tiny.o
    0x080004a0   0x080004a0   0x00000024   Code   RO          180    i.BOARD_LED_Toggle  board_apm32f402_403_tiny.o
    0x080004c4   0x080004c4   0x00000004   Code   RO          116    i.BusFault_Handler  apm32f402_403_int.o
    0x080004c8   0x080004c8   0x000000a0   Code   RO            4    i.Button_Thread     main.o
    0x08000568   0x08000568   0x00000002   Code   RO          117    i.DebugMon_Handler  apm32f402_403_int.o
    0x0800056a   0x0800056a   0x00000002   PAD
    0x0800056c   0x0800056c   0x00000094   Code   RO         1075    i.EINT_Config       apm32f402_403_eint.o
    0x08000600   0x08000600   0x0000009a   Code   RO         1379    i.GPIO_Config       apm32f402_403_gpio.o
    0x0800069a   0x0800069a   0x00000002   PAD
    0x0800069c   0x0800069c   0x000000a4   Code   RO         1380    i.GPIO_ConfigEINTLine  apm32f402_403_gpio.o
    0x08000740   0x08000740   0x00000012   Code   RO         1387    i.GPIO_ReadInputBit  apm32f402_403_gpio.o
    0x08000752   0x08000752   0x00000004   Code   RO          118    i.HardFault_Handler  apm32f402_403_int.o
    0x08000756   0x08000756   0x00000032   Code   RO         4798    i.IRQ_Context       cmsis_os2.o
    0x08000788   0x08000788   0x00000032   Code   RO            5    i.Led_Thread        main.o
    0x080007ba   0x080007ba   0x00000004   Code   RO          119    i.MemManage_Handler  apm32f402_403_int.o
    0x080007be   0x080007be   0x00000002   Code   RO          120    i.NMI_Handler       apm32f402_403_int.o
    0x080007c0   0x080007c0   0x00000014   Code   RO         1870    i.NVIC_ConfigPriorityGroup  apm32f402_403_misc.o
    0x080007d4   0x080007d4   0x000000a0   Code   RO         1873    i.NVIC_EnableIRQRequest  apm32f402_403_misc.o
    0x08000874   0x08000874   0x00000010   Code   RO         2058    i.RCM_EnableAPB1PeriphClock  apm32f402_403_rcm.o
    0x08000884   0x08000884   0x00000010   Code   RO         2060    i.RCM_EnableAPB2PeriphClock  apm32f402_403_rcm.o
    0x08000894   0x08000894   0x0000003c   Code   RO         2070    i.RCM_ReadHCLKFreq  apm32f402_403_rcm.o
    0x080008d0   0x080008d0   0x0000004c   Code   RO         2072    i.RCM_ReadPCLKFreq  apm32f402_403_rcm.o
    0x0800091c   0x0800091c   0x00000064   Code   RO         2073    i.RCM_ReadSYSCLKFreq  apm32f402_403_rcm.o
    0x08000980   0x08000980   0x00000016   Code   RO         4802    i.SysTick_Handler   cmsis_os2.o
    0x08000996   0x08000996   0x00000002   PAD
    0x08000998   0x08000998   0x00000100   Code   RO          245    i.SystemClockConfig  system_apm32f402_403.o
    0x08000a98   0x08000a98   0x000000b4   Code   RO          246    i.SystemCoreClockUpdate  system_apm32f402_403.o
    0x08000b4c   0x08000b4c   0x00000068   Code   RO          247    i.SystemInit        system_apm32f402_403.o
    0x08000bb4   0x08000bb4   0x00000090   Code   RO         3315    i.USART_Config      apm32f402_403_usart.o
    0x08000c44   0x08000c44   0x00000018   Code   RO         3322    i.USART_ConfigStructInit  apm32f402_403_usart.o
    0x08000c5c   0x08000c5c   0x0000000e   Code   RO         3335    i.USART_Enable      apm32f402_403_usart.o
    0x08000c6a   0x08000c6a   0x00000010   Code   RO         3347    i.USART_ReadStatusFlag  apm32f402_403_usart.o
    0x08000c7a   0x08000c7a   0x0000000a   Code   RO         3351    i.USART_TxData      apm32f402_403_usart.o
    0x08000c84   0x08000c84   0x00000004   Code   RO          121    i.UsageFault_Handler  apm32f402_403_int.o
    0x08000c88   0x08000c88   0x0000004c   Code   RO            6    i.Usart_Thread      main.o
    0x08000cd4   0x08000cd4   0x00000020   Code   RO         5641    i.__0printf$6       mc_w.l(printf6.o)
    0x08000cf4   0x08000cf4   0x0000000e   Code   RO         5789    i.__scatterload_copy  mc_w.l(handlers.o)
    0x08000d02   0x08000d02   0x00000002   Code   RO         5790    i.__scatterload_null  mc_w.l(handlers.o)
    0x08000d04   0x08000d04   0x0000000e   Code   RO         5791    i.__scatterload_zeroinit  mc_w.l(handlers.o)
    0x08000d12   0x08000d12   0x00000002   PAD
    0x08000d14   0x08000d14   0x000002f0   Code   RO         5648    i._printf_core      mc_w.l(printf6.o)
    0x08001004   0x08001004   0x00000024   Code   RO         5649    i._printf_post_padding  mc_w.l(printf6.o)
    0x08001028   0x08001028   0x0000002e   Code   RO         5650    i._printf_pre_padding  mc_w.l(printf6.o)
    0x08001056   0x08001056   0x00000002   PAD
    0x08001058   0x08001058   0x00000024   Code   RO            7    i.fputc             main.o
    0x0800107c   0x0800107c   0x00000254   Code   RO            8    i.main              main.o
    0x080012d0   0x080012d0   0x0000001e   Code   RO         4804    i.osDelay           cmsis_os2.o
    0x080012ee   0x080012ee   0x00000002   PAD
    0x080012f0   0x080012f0   0x00000034   Code   RO         4818    i.osKernelInitialize  cmsis_os2.o
    0x08001324   0x08001324   0x00000068   Code   RO         4821    i.osKernelStart     cmsis_os2.o
    0x0800138c   0x0800138c   0x000000b8   Code   RO         4863    i.osThreadNew       cmsis_os2.o
    0x08001444   0x08001444   0x000000a4   Code   RO         4227    i.prvAddCurrentTaskToDelayedList  tasks.o
    0x080014e8   0x080014e8   0x000000e8   Code   RO         4228    i.prvAddNewTaskToReadyList  tasks.o
    0x080015d0   0x080015d0   0x0000005c   Code   RO         4603    i.prvCheckForValidListAndQueue  timers.o
    0x0800162c   0x0800162c   0x00000048   Code   RO         4229    i.prvCheckTasksWaitingTermination  tasks.o
    0x08001674   0x08001674   0x0000002a   Code   RO         3834    i.prvCopyDataFromQueue  queue.o
    0x0800169e   0x0800169e   0x00000050   Code   RO         4230    i.prvDeleteTCB      tasks.o
    0x080016ee   0x080016ee   0x00000002   PAD
    0x080016f0   0x080016f0   0x00000028   Code   RO         4604    i.prvGetNextExpireTime  timers.o
    0x08001718   0x08001718   0x00000070   Code   RO         5414    i.prvHeapInit       heap_4.o
    0x08001788   0x08001788   0x00000028   Code   RO         4231    i.prvIdleTask       tasks.o
    0x080017b0   0x080017b0   0x0000002a   Code   RO         3838    i.prvInitialiseNewQueue  queue.o
    0x080017da   0x080017da   0x000000cc   Code   RO         4232    i.prvInitialiseNewTask  tasks.o
    0x080018a6   0x080018a6   0x00000002   PAD
    0x080018a8   0x080018a8   0x00000068   Code   RO         4233    i.prvInitialiseTaskLists  tasks.o
    0x08001910   0x08001910   0x00000068   Code   RO         5415    i.prvInsertBlockIntoFreeList  heap_4.o
    0x08001978   0x08001978   0x00000058   Code   RO         4606    i.prvInsertTimerInActiveList  timers.o
    0x080019d0   0x080019d0   0x0000001a   Code   RO         3839    i.prvIsQueueEmpty   queue.o
    0x080019ea   0x080019ea   0x00000002   PAD
    0x080019ec   0x080019ec   0x00000044   Code   RO         4607    i.prvProcessExpiredTimer  timers.o
    0x08001a30   0x08001a30   0x0000014c   Code   RO         4608    i.prvProcessReceivedCommands  timers.o
    0x08001b7c   0x08001b7c   0x00000074   Code   RO         4609    i.prvProcessTimerOrBlockTask  timers.o
    0x08001bf0   0x08001bf0   0x00000028   Code   RO         4610    i.prvReloadTimer    timers.o
    0x08001c18   0x08001c18   0x00000030   Code   RO         4235    i.prvResetNextTaskUnblockTime  tasks.o
    0x08001c48   0x08001c48   0x0000002c   Code   RO         4611    i.prvSampleTimeNow  timers.o
    0x08001c74   0x08001c74   0x00000044   Code   RO         4612    i.prvSwitchTimerLists  timers.o
    0x08001cb8   0x08001cb8   0x00000040   Code   RO         5338    i.prvTaskExitError  port.o
    0x08001cf8   0x08001cf8   0x0000001a   Code   RO         4613    i.prvTimerTask      timers.o
    0x08001d12   0x08001d12   0x0000007e   Code   RO         3841    i.prvUnlockQueue    queue.o
    0x08001d90   0x08001d90   0x0000012c   Code   RO         5417    i.pvPortMalloc      heap_4.o
    0x08001ebc   0x08001ebc   0x0000002c   Code   RO         5339    i.pxPortInitialiseStack  port.o
    0x08001ee8   0x08001ee8   0x00000028   Code   RO         3795    i.uxListRemove      list.o
    0x08001f10   0x08001f10   0x00000018   Code   RO         4875    i.vApplicationGetIdleTaskMemory  cmsis_os2.o
    0x08001f28   0x08001f28   0x00000018   Code   RO         4876    i.vApplicationGetTimerTaskMemory  cmsis_os2.o
    0x08001f40   0x08001f40   0x00000016   Code   RO         4877    i.vApplicationStackOverflowHook  cmsis_os2.o
    0x08001f56   0x08001f56   0x0000001a   Code   RO         3796    i.vListInitialise   list.o
    0x08001f70   0x08001f70   0x00000006   Code   RO         3797    i.vListInitialiseItem  list.o
    0x08001f76   0x08001f76   0x00000034   Code   RO         3798    i.vListInsert       list.o
    0x08001faa   0x08001faa   0x00000002   PAD
    0x08001fac   0x08001fac   0x00000054   Code   RO         5341    i.vPortEnterCritical  port.o
    0x08002000   0x08002000   0x0000003c   Code   RO         5342    i.vPortExitCritical  port.o
    0x0800203c   0x0800203c   0x0000008c   Code   RO         5418    i.vPortFree         heap_4.o
    0x080020c8   0x080020c8   0x00000028   Code   RO         5343    i.vPortSetupTimerInterrupt  port.o
    0x080020f0   0x080020f0   0x0000004a   Code   RO         3849    i.vQueueWaitForMessageRestricted  queue.o
    0x0800213a   0x0800213a   0x00000002   PAD
    0x0800213c   0x0800213c   0x0000005c   Code   RO         4248    i.vTaskDelay        tasks.o
    0x08002198   0x08002198   0x00000018   Code   RO         4253    i.vTaskInternalSetTimeOutState  tasks.o
    0x080021b0   0x080021b0   0x0000000c   Code   RO         4254    i.vTaskMissedYield  tasks.o
    0x080021bc   0x080021bc   0x00000038   Code   RO         4255    i.vTaskPlaceOnEventList  tasks.o
    0x080021f4   0x080021f4   0x00000064   Code   RO         4256    i.vTaskPlaceOnEventListRestricted  tasks.o
    0x08002258   0x08002258   0x000000c0   Code   RO         4264    i.vTaskStartScheduler  tasks.o
    0x08002318   0x08002318   0x00000010   Code   RO         4266    i.vTaskSuspendAll   tasks.o
    0x08002328   0x08002328   0x000000c8   Code   RO         4267    i.vTaskSwitchContext  tasks.o
    0x080023f0   0x080023f0   0x00000138   Code   RO         5345    i.xPortStartScheduler  port.o
    0x08002528   0x08002528   0x00000034   Code   RO         5346    i.xPortSysTickHandler  port.o
    0x0800255c   0x0800255c   0x0000009a   Code   RO         3855    i.xQueueGenericCreateStatic  queue.o
    0x080025f6   0x080025f6   0x00000002   PAD
    0x080025f8   0x080025f8   0x000000dc   Code   RO         3856    i.xQueueGenericReset  queue.o
    0x080026d4   0x080026d4   0x00000168   Code   RO         3867    i.xQueueReceive     queue.o
    0x0800283c   0x0800283c   0x00000090   Code   RO         4269    i.xTaskCheckForTimeOut  tasks.o
    0x080028cc   0x080028cc   0x0000006c   Code   RO         4270    i.xTaskCreate       tasks.o
    0x08002938   0x08002938   0x000000c2   Code   RO         4271    i.xTaskCreateStatic  tasks.o
    0x080029fa   0x080029fa   0x00000002   PAD
    0x080029fc   0x080029fc   0x00000020   Code   RO         4278    i.xTaskGetSchedulerState  tasks.o
    0x08002a1c   0x08002a1c   0x0000000c   Code   RO         4279    i.xTaskGetTickCount  tasks.o
    0x08002a28   0x08002a28   0x000001b8   Code   RO         4281    i.xTaskIncrementTick  tasks.o
    0x08002be0   0x08002be0   0x00000120   Code   RO         4284    i.xTaskRemoveFromEventList  tasks.o
    0x08002d00   0x08002d00   0x00000174   Code   RO         4285    i.xTaskResumeAll    tasks.o
    0x08002e74   0x08002e74   0x00000078   Code   RO         4622    i.xTimerCreateTimerTask  timers.o
    0x08002eec   0x08002eec   0x0000006c   Data   RO            9    .constdata          main.o
    0x08002f58   0x08002f58   0x00000044   Data   RO          181    .constdata          board_apm32f402_403_tiny.o
    0x08002f9c   0x08002f9c   0x00000023   Data   RO           10    .conststring        main.o
    0x08002fbf   0x08002fbf   0x00000001   PAD
    0x08002fc0   0x08002fc0   0x00000020   Data   RO         5787    Region$$Table       anon$$obj.o


    Execution Region RW_IRAM1 (Exec base: 0x20000000, Load base: 0x08002fe0, Size: 0x00001e40, Max: 0x00008000, ABSOLUTE)

    Exec Addr    Load Addr    Size         Type   Attr      Idx    E Section Name        Object

    0x20000000   0x08002fe0   0x0000000c   Data   RW           11    .data               main.o
    0x2000000c   0x08002fec   0x00000028   Data   RW          182    .data               board_apm32f402_403_tiny.o
    0x20000034   0x08003014   0x00000004   Data   RW          248    .data               system_apm32f402_403.o
    0x20000038   0x08003018   0x00000040   Data   RW         4288    .data               tasks.o
    0x20000078   0x08003058   0x00000014   Data   RW         4632    .data               timers.o
    0x2000008c   0x0800306c   0x00000004   Data   RW         4879    .data               cmsis_os2.o
    0x20000090   0x08003070   0x0000000c   Data   RW         5347    .data               port.o
    0x2000009c   0x0800307c   0x0000001c   Data   RW         5424    .data               heap_4.o
    0x200000b8   0x08003098   0x00000004   Data   RW         5761    .data               mc_w.l(stdout.o)
    0x200000bc        -       0x000004c4   Zero   RW         4287    .bss                tasks.o
    0x20000580        -       0x000000c8   Zero   RW         4631    .bss                timers.o
    0x20000648        -       0x000003f8   Zero   RW         4878    .bss                cmsis_os2.o
    0x20000a40        -       0x00001000   Zero   RW         5423    .bss                heap_4.o
    0x20001a40        -       0x00000400   Zero   RW          235    STACK               startup_apm32f402_403.o


==============================================================================

Image component sizes


      Code (inc. data)   RO Data    RW Data    ZI Data      Debug   Object Name

       148          6          0          0          0       1206   apm32f402_403_eint.o
       336          6          0          0          0       3012   apm32f402_403_gpio.o
        20          0          0          0          0       3153   apm32f402_403_int.o
       180         20          0          0          0       1583   apm32f402_403_misc.o
       268         58          0          0          0       4003   apm32f402_403_rcm.o
       208          6          0          0          0       3941   apm32f402_403_usart.o
       492        102         68         40          0       5629   board_apm32f402_403_tiny.o
       512         36          0          4       1016     107403   cmsis_os2.o
         0          0          0          0          0       7976   croutine.o
         0          0          0          0          0      24004   event_groups.o
       656         58          0         28       4096       5787   heap_4.o
       124          0          0          0          0       3277   list.o
       918        504        143         12          0      77343   main.o
       846         76          0         12          0      11180   port.o
      1044         10          0          0          0      12522   queue.o
        36          8        328          0       1024        836   startup_apm32f402_403.o
         0          0          0          0          0       9888   stream_buffer.o
       540         58          0          4          0       2883   system_apm32f402_403.o
      3226        334          0         64       1220      31218   tasks.o
      1034        112          0         20        200      36752   timers.o

    ----------------------------------------------------------------------
     10612       1394        572        184       7556     353596   Object Totals
         0          0         32          0          0          0   (incl. Generated)
        24          0          1          0          0          0   (incl. Padding)

    ----------------------------------------------------------------------

      Code (inc. data)   RO Data    RW Data    ZI Data      Debug   Library Member Name

         0          0          0          0          0          0   entry.o
         0          0          0          0          0          0   entry10a.o
         0          0          0          0          0          0   entry11a.o
         8          4          0          0          0          0   entry2.o
         4          0          0          0          0          0   entry5.o
         0          0          0          0          0          0   entry7b.o
         0          0          0          0          0          0   entry8b.o
         8          4          0          0          0          0   entry9a.o
        30          0          0          0          0          0   handlers.o
        36          8          0          0          0         68   init.o
        36          0          0          0          0         68   memcpya.o
        36          0          0          0          0        108   memseta.o
       866         14          0          0          0        352   printf6.o
         0          0          0          4          0          0   stdout.o
        44          0          0          0          0         80   uidiv.o

    ----------------------------------------------------------------------
      1072         30          0          4          0        676   Library Totals
         4          0          0          0          0          0   (incl. Padding)

    ----------------------------------------------------------------------

      Code (inc. data)   RO Data    RW Data    ZI Data      Debug   Library Name

      1068         30          0          4          0        676   mc_w.l

    ----------------------------------------------------------------------
      1072         30          0          4          0        676   Library Totals

    ----------------------------------------------------------------------

==============================================================================


      Code (inc. data)   RO Data    RW Data    ZI Data      Debug   

     11684       1424        572        188       7556     344316   Grand Totals
     11684       1424        572        188       7556     344316   ELF Image Totals
     11684       1424        572        188          0          0   ROM Totals

==============================================================================

    Total RO  Size (Code + RO Data)                12256 (  11.97kB)
    Total RW  Size (RW Data + ZI Data)              7744 (   7.56kB)
    Total ROM Size (Code + RO Data + RW Data)      12444 (  12.15kB)

==============================================================================

